{
  "TargetAPK": {
    "Name": "openjdk-10-jre",
    "Version": "10.0.2-r0",
    "OriginPackageName": "openjdk-10",
    "Arch": "aarch64"
  },
  "Findings": [
    {
      "Package": {
        "ID": "81e41043cddaf9d1",
        "Name": "openjdk-10-jre",
        "Version": "10.0.2-r0",
        "Type": "apk",
        "Location": "/.PKGINFO",
        "PURL": "pkg:apk/wolfi/openjdk-10-jre@10.0.2-r0?arch=aarch64\u0026origin=openjdk-10"
      },
      "Vulnerability": {
        "ID": "CVE-2019-7317",
        "Severity": "Medium",
        "Aliases": null,
        "FixedVersion": "1.7.0_231, 1.8.0_221, 7.0.231, 8.0.221, 11.0.4, 12.0.2"
      }
    },
    {
      "Package": {
        "ID": "81e41043cddaf9d1",
        "Name": "openjdk-10-jre",
        "Version": "10.0.2-r0",
        "Type": "apk",
        "Location": "/.PKGINFO",
        "PURL": "pkg:apk/wolfi/openjdk-10-jre@10.0.2-r0?arch=aarch64\u0026origin=openjdk-10"
      },
      "Vulnerability": {
        "ID": "CVE-2023-21830",
        "Severity": "Medium",
        "Aliases": null,
        "FixedVersion": "1.8.0_361, 8.0.361, 11-ea"
      }
    },
    {
      "Package": {
        "ID": "81e41043cddaf9d1",
        "Name": "openjdk-10-jre",
        "Version": "10.0.2-r0",
        "Type": "apk",
        "Location": "/.PKGINFO",
        "PURL": "pkg:apk/wolfi/openjdk-10-jre@10.0.2-r0?arch=aarch64\u0026origin=openjdk-10"
      },
      "Vulnerability": {
        "ID": "CVE-2023-21835",
        "Severity": "Medium",
        "Aliases": null,
        "FixedVersion": "11.0.18, 17.0.5, 19.0.2"
      }
    },
    {
      "Package": {
        "ID": "81e41043cddaf9d1",
        "Name": "openjdk-10-jre",
        "Version": "10.0.2-r0",
        "Type": "apk",
        "Location": "/.PKGINFO",
        "PURL": "pkg:apk/wolfi/openjdk-10-jre@10.0.2-r0?arch=aarch64\u0026origin=openjdk-10"
      },
      "Vulnerability": {
        "ID": "CVE-2023-21930",
        "Severity": "High",
        "Aliases": null,
        "FixedVersion": "1.8.0_371, 8.0.371, 11.0.19, 17.0.7, 20.0.1"
      }
    },
    {
      "Package": {
        "ID": "81e41043cddaf9d1",
        "Name": "openjdk-10-jre",
        "Version": "10.0.2-r0",
        "Type": "apk",
        "Location": "/.PKGINFO",
        "PURL": "pkg:apk/wolfi/openjdk-10-jre@10.0.2-r0?arch=aarch64\u0026origin=openjdk-10"
      },
      "Vulnerability": {
        "ID": "CVE-2023-21937",
        "Severity": "Low",
        "Aliases": null,
        "FixedVersion": "1.8.0_371, 8.0.371, 11.0.19, 17.0.7, 20.0.1"
      }
    },
    {
      "Package": {
        "ID": "81e41043cddaf9d1",
        "Name": "openjdk-10-jre",
        "Version": "10.0.2-r0",
        "Type": "apk",
        "Location": "/.PKGINFO",
        "PURL": "pkg:apk/wolfi/openjdk-10-jre@10.0.2-r0?arch=aarch64\u0026origin=openjdk-10"
      },
      "Vulnerability": {
        "ID": "CVE-2023-21938",
        "Severity": "Low",
        "Aliases": null,
        "FixedVersion": "1.8.0_371, 8.0.371, 11.0.19, 17.0.7, 20.0.1"
      }
    },
    {
      "Package": {
        "ID": "81e41043cddaf9d1",
        "Name": "openjdk-10-jre",
        "Version": "10.0.2-r0",
        "Type": "apk",
        "Location": "/.PKGINFO",
        "PURL": "pkg:apk/wolfi/openjdk-10-jre@10.0.2-r0?arch=aarch64\u0026origin=openjdk-10"
      },
      "Vulnerability": {
        "ID": "CVE-2023-21939",
        "Severity": "Medium",
        "Aliases": null,
        "FixedVersion": "1.8.0_371, 8.0.371, 11.0.19, 17.0.7, 20.0.1"
      }
    },
    {
      "Package": {
        "ID": "81e41043cddaf9d1",
        "Name": "openjdk-10-jre",
        "Version": "10.0.2-r0",
        "Type": "apk",
        "Location": "/.PKGINFO",
        "PURL": "pkg:apk/wolfi/openjdk-10-jre@10.0.2-r0?arch=aarch64\u0026origin=openjdk-10"
      },
      "Vulnerability": {
        "ID": "CVE-2023-21954",
        "Severity": "Medium",
        "Aliases": null,
        "FixedVersion": "1.8.0_371, 8.0.371, 11.0.19, 17.0.7"
      }
    },
    {
      "Package": {
        "ID": "81e41043cddaf9d1",
        "Name": "openjdk-10-jre",
        "Version": "10.0.2-r0",
        "Type": "apk",
        "Location": "/.PKGINFO",
        "PURL": "pkg:apk/wolfi/openjdk-10-jre@10.0.2-r0?arch=aarch64\u0026origin=openjdk-10"
      },
      "Vulnerability": {
        "ID": "CVE-2023-21967",
        "Severity": "Medium",
        "Aliases": null,
        "FixedVersion": "1.8.0_371, 8.0.371, 11.0.19, 17.0.7, 20.0.1"
      }
    },
    {
      "Package": {
        "ID": "81e41043cddaf9d1",
        "Name": "openjdk-10-jre",
        "Version": "10.0.2-r0",
        "Type": "apk",
        "Location": "/.PKGINFO",
        "PURL": "pkg:apk/wolfi/openjdk-10-jre@10.0.2-r0?arch=aarch64\u0026origin=openjdk-10"
      },
      "Vulnerability": {
        "ID": "CVE-2023-21968",
        "Severity": "Low",
        "Aliases": null,
        "FixedVersion": "1.8.0_371, 8.0.371, 11.0.19, 17.0.7, 20.0.1"
      }
    },
    {
      "Package": {
        "ID": "81e41043cddaf9d1",
        "Name": "openjdk-10-jre",
        "Version": "10.0.2-r0",
        "Type": "apk",
        "Location": "/.PKGINFO",
        "PURL": "pkg:apk/wolfi/openjdk-10-jre@10.0.2-r0?arch=aarch64\u0026origin=openjdk-10"
      },
      "Vulnerability": {
        "ID": "CVE-2023-22006",
        "Severity": "Low",
        "Aliases": null,
        "FixedVersion": "11.0.20, 17.0.8, 20.0.2"
      }
    },
    {
      "Package": {
        "ID": "81e41043cddaf9d1",
        "Name": "openjdk-10-jre",
        "Version": "10.0.2-r0",
        "Type": "apk",
        "Location": "/.PKGINFO",
        "PURL": "pkg:apk/wolfi/openjdk-10-jre@10.0.2-r0?arch=aarch64\u0026origin=openjdk-10"
      },
      "Vulnerability": {
        "ID": "CVE-2023-22036",
        "Severity": "Low",
        "Aliases": null,
        "FixedVersion": "11.0.20, 17.0.8, 20.0.2"
      }
    },
    {
      "Package": {
        "ID": "81e41043cddaf9d1",
        "Name": "openjdk-10-jre",
        "Version": "10.0.2-r0",
        "Type": "apk",
        "Location": "/.PKGINFO",
        "PURL": "pkg:apk/wolfi/openjdk-10-jre@10.0.2-r0?arch=aarch64\u0026origin=openjdk-10"
      },
      "Vulnerability": {
        "ID": "CVE-2023-22041",
        "Severity": "Medium",
        "Aliases": null,
        "FixedVersion": "1.8.0_381, 8.0.381, 11.0.20, 17.0.8, 20.0.2"
      }
    },
    {
      "Package": {
        "ID": "81e41043cddaf9d1",
        "Name": "openjdk-10-jre",
        "Version": "10.0.2-r0",
        "Type": "apk",
        "Location": "/.PKGINFO",
        "PURL": "pkg:apk/wolfi/openjdk-10-jre@10.0.2-r0?arch=aarch64\u0026origin=openjdk-10"
      },
      "Vulnerability": {
        "ID": "CVE-2023-22045",
        "Severity": "Low",
        "Aliases": null,
        "FixedVersion": "1.8.0_381, 8.0.381, 11.0.20, 17.0.8, 20.0.2"
      }
    },
    {
      "Package": {
        "ID": "81e41043cddaf9d1",
        "Name": "openjdk-10-jre",
        "Version": "10.0.2-r0",
        "Type": "apk",
        "Location": "/.PKGINFO",
        "PURL": "pkg:apk/wolfi/openjdk-10-jre@10.0.2-r0?arch=aarch64\u0026origin=openjdk-10"
      },
      "Vulnerability": {
        "ID": "CVE-2023-22049",
        "Severity": "Low",
        "Aliases": null,
        "FixedVersion": "1.8.0_381, 8.0.381, 11.0.20, 17.0.8, 20.0.2"
      }
    },
    {
      "Package": {
        "ID": "81e41043cddaf9d1",
        "Name": "openjdk-10-jre",
        "Version": "10.0.2-r0",
        "Type": "apk",
        "Location": "/.PKGINFO",
        "PURL": "pkg:apk/wolfi/openjdk-10-jre@10.0.2-r0?arch=aarch64\u0026origin=openjdk-10"
      },
      "Vulnerability": {
        "ID": "CVE-2023-22081",
        "Severity": "Medium",
        "Aliases": null,
        "FixedVersion": "1.8.0_391, 8.0.391, 11.0.22, 17.0.9, 21.0.1"
      }
    },
    {
      "Package": {
        "ID": "81e41043cddaf9d1",
        "Name": "openjdk-10-jre",
        "Version": "10.0.2-r0",
        "Type": "apk",
        "Location": "/.PKGINFO",
        "PURL": "pkg:apk/wolfi/openjdk-10-jre@10.0.2-r0?arch=aarch64\u0026origin=openjdk-10"
      },
      "Vulnerability": {
        "ID": "CVE-2023-25193",
        "Severity": "High",
        "Aliases": null,
        "FixedVersion": "11.0.20, 17.0.8, 20.0.2"
      }
    },
    {
      "Package": {
        "ID": "81e41043cddaf9d1",
        "Name": "openjdk-10-jre",
        "Version": "10.0.2-r0",
        "Type": "apk",
        "Location": "/.PKGINFO",
        "PURL": "pkg:apk/wolfi/openjdk-10-jre@10.0.2-r0?arch=aarch64\u0026origin=openjdk-10"
      },
      "Vulnerability": {
        "ID": "CVE-2024-20918",
        "Severity": "High",
        "Aliases": null,
        "FixedVersion": "1.8.0_401, 8.0.401, 11.0.22, 17.0.10, 21.0.2"
      }
    },
    {
      "Package": {
        "ID": "81e41043cddaf9d1",
        "Name": "openjdk-10-jre",
        "Version": "10.0.2-r0",
        "Type": "apk",
        "Location": "/.PKGINFO",
        "PURL": "pkg:apk/wolfi/openjdk-10-jre@10.0.2-r0?arch=aarch64\u0026origin=openjdk-10"
      },
      "Vulnerability": {
        "ID": "CVE-2024-20919",
        "Severity": "Medium",
        "Aliases": null,
        "FixedVersion": "1.8.0_401, 8.0.401, 11.0.22, 17.0.10, 21.0.2"
      }
    },
    {
      "Package": {
        "ID": "81e41043cddaf9d1",
        "Name": "openjdk-10-jre",
        "Version": "10.0.2-r0",
        "Type": "apk",
        "Location": "/.PKGINFO",
        "PURL": "pkg:apk/wolfi/openjdk-10-jre@10.0.2-r0?arch=aarch64\u0026origin=openjdk-10"
      },
      "Vulnerability": {
        "ID": "CVE-2024-20921",
        "Severity": "Medium",
        "Aliases": null,
        "FixedVersion": "1.8.0_401, 8.0.401, 11.0.22, 17.0.10, 21.0.2"
      }
    },
    {
      "Package": {
        "ID": "81e41043cddaf9d1",
        "Name": "openjdk-10-jre",
        "Version": "10.0.2-r0",
        "Type": "apk",
        "Location": "/.PKGINFO",
        "PURL": "pkg:apk/wolfi/openjdk-10-jre@10.0.2-r0?arch=aarch64\u0026origin=openjdk-10"
      },
      "Vulnerability": {
        "ID": "CVE-2024-20926",
        "Severity": "Medium",
        "Aliases": null,
        "FixedVersion": "1.8.0_401, 8.0.401, 11.0.22"
      }
    },
    {
      "Package": {
        "ID": "81e41043cddaf9d1",
        "Name": "openjdk-10-jre",
        "Version": "10.0.2-r0",
        "Type": "apk",
        "Location": "/.PKGINFO",
        "PURL": "pkg:apk/wolfi/openjdk-10-jre@10.0.2-r0?arch=aarch64\u0026origin=openjdk-10"
      },
      "Vulnerability": {
        "ID": "CVE-2024-20945",
        "Severity": "Medium",
        "Aliases": null,
        "FixedVersion": "1.8.0_401, 8.0.401, 11.0.22, 17.0.10, 21.0.2"
      }
    },
    {
      "Package": {
        "ID": "81e41043cddaf9d1",
        "Name": "openjdk-10-jre",
        "Version": "10.0.2-r0",
        "Type": "apk",
        "Location": "/.PKGINFO",
        "PURL": "pkg:apk/wolfi/openjdk-10-jre@10.0.2-r0?arch=aarch64\u0026origin=openjdk-10"
      },
      "Vulnerability": {
        "ID": "CVE-2024-20952",
        "Severity": "High",
        "Aliases": null,
        "FixedVersion": "1.8.0_401, 8.0.401, 11.0.22, 17.0.10, 21.0.2"
      }
    },
    {
      "Package": {
        "ID": "81e41043cddaf9d1",
        "Name": "openjdk-10-jre",
        "Version": "10.0.2-r0",
        "Type": "apk",
        "Location": "/.PKGINFO",
        "PURL": "pkg:apk/wolfi/openjdk-10-jre@10.0.2-r0?arch=aarch64\u0026origin=openjdk-10"
      },
      "Vulnerability": {
        "ID": "CVE-2024-21011",
        "Severity": "Low",
        "Aliases": null,
        "FixedVersion": "1.8.0_411, 8.0.411, 11.0.23, 17.0.11, 21.0.3, 22.0.1"
      }
    },
    {
      "Package": {
        "ID": "81e41043cddaf9d1",
        "Name": "openjdk-10-jre",
        "Version": "10.0.2-r0",
        "Type": "apk",
        "Location": "/.PKGINFO",
        "PURL": "pkg:apk/wolfi/openjdk-10-jre@10.0.2-r0?arch=aarch64\u0026origin=openjdk-10"
      },
      "Vulnerability": {
        "ID": "CVE-2024-21012",
        "Severity": "Low",
        "Aliases": null,
        "FixedVersion": "11.0.23, 17.0.11, 21.0.3, 22.0.1"
      }
    },
    {
      "Package": {
        "ID": "81e41043cddaf9d1",
        "Name": "openjdk-10-jre",
        "Version": "10.0.2-r0",
        "Type": "apk",
        "Location": "/.PKGINFO",
        "PURL": "pkg:apk/wolfi/openjdk-10-jre@10.0.2-r0?arch=aarch64\u0026origin=openjdk-10"
      },
      "Vulnerability": {
        "ID": "CVE-2024-21068",
        "Severity": "Low",
        "Aliases": null,
        "FixedVersion": "1.8.0_411, 8.0.411, 11.0.23, 17.0.11, 21.0.3, 22.0.1"
      }
    },
    {
      "Package": {
        "ID": "81e41043cddaf9d1",
        "Name": "openjdk-10-jre",
        "Version": "10.0.2-r0",
        "Type": "apk",
        "Location": "/.PKGINFO",
        "PURL": "pkg:apk/wolfi/openjdk-10-jre@10.0.2-r0?arch=aarch64\u0026origin=openjdk-10"
      },
      "Vulnerability": {
        "ID": "CVE-2024-21085",
        "Severity": "Low",
        "Aliases": null,
        "FixedVersion": "1.8.0_411, 8.0.411, 11.0.23"
      }
    },
    {
      "Package": {
        "ID": "81e41043cddaf9d1",
        "Name": "openjdk-10-jre",
        "Version": "10.0.2-r0",
        "Type": "apk",
        "Location": "/.PKGINFO",
        "PURL": "pkg:apk/wolfi/openjdk-10-jre@10.0.2-r0?arch=aarch64\u0026origin=openjdk-10"
      },
      "Vulnerability": {
        "ID": "CVE-2024-21094",
        "Severity": "Low",
        "Aliases": null,
        "FixedVersion": "1.8.0_411, 8.0.411, 11.0.23, 17.0.11, 21.0.3, 22.0.1"
      }
    },
    {
      "Package": {
        "ID": "81e41043cddaf9d1",
        "Name": "openjdk-10-jre",
        "Version": "10.0.2-r0",
        "Type": "apk",
        "Location": "/.PKGINFO",
        "PURL": "pkg:apk/wolfi/openjdk-10-jre@10.0.2-r0?arch=aarch64\u0026origin=openjdk-10"
      },
      "Vulnerability": {
        "ID": "CVE-2024-21131",
        "Severity": "Low",
        "Aliases": null,
        "FixedVersion": "1.8.0_421, 8.0.421, 11.0.24, 17.0.12, 21.0.4, 22.0.2"
      }
    },
    {
      "Package": {
        "ID": "81e41043cddaf9d1",
        "Name": "openjdk-10-jre",
        "Version": "10.0.2-r0",
        "Type": "apk",
        "Location": "/.PKGINFO",
        "PURL": "pkg:apk/wolfi/openjdk-10-jre@10.0.2-r0?arch=aarch64\u0026origin=openjdk-10"
      },
      "Vulnerability": {
        "ID": "CVE-2024-21138",
        "Severity": "Low",
        "Aliases": null,
        "FixedVersion": "1.8.0_421, 8.0.421, 11.0.24, 17.0.12, 21.0.4, 22.0.2"
      }
    },
    {
      "Package": {
        "ID": "81e41043cddaf9d1",
        "Name": "openjdk-10-jre",
        "Version": "10.0.2-r0",
        "Type": "apk",
        "Location": "/.PKGINFO",
        "PURL": "pkg:apk/wolfi/openjdk-10-jre@10.0.2-r0?arch=aarch64\u0026origin=openjdk-10"
      },
      "Vulnerability": {
        "ID": "CVE-2024-21140",
        "Severity": "Medium",
        "Aliases": null,
        "FixedVersion": "1.8.0_421, 8.0.421, 11.0.24, 17.0.12, 21.0.4, 22.0.2"
      }
    },
    {
      "Package": {
        "ID": "81e41043cddaf9d1",
        "Name": "openjdk-10-jre",
        "Version": "10.0.2-r0",
        "Type": "apk",
        "Location": "/.PKGINFO",
        "PURL": "pkg:apk/wolfi/openjdk-10-jre@10.0.2-r0?arch=aarch64\u0026origin=openjdk-10"
      },
      "Vulnerability": {
        "ID": "CVE-2024-21144",
        "Severity": "Low",
        "Aliases": null,
        "FixedVersion": "1.8.0_421, 8.0.421, 11.0.24"
      }
    },
    {
      "Package": {
        "ID": "81e41043cddaf9d1",
        "Name": "openjdk-10-jre",
        "Version": "10.0.2-r0",
        "Type": "apk",
        "Location": "/.PKGINFO",
        "PURL": "pkg:apk/wolfi/openjdk-10-jre@10.0.2-r0?arch=aarch64\u0026origin=openjdk-10"
      },
      "Vulnerability": {
        "ID": "CVE-2024-21145",
        "Severity": "Medium",
        "Aliases": null,
        "FixedVersion": "1.8.0_421, 8.0.421, 11.0.24, 17.0.12, 21.0.4, 22.0.2"
      }
    },
    {
      "Package": {
        "ID": "81e41043cddaf9d1",
        "Name": "openjdk-10-jre",
        "Version": "10.0.2-r0",
        "Type": "apk",
        "Location": "/.PKGINFO",
        "PURL": "pkg:apk/wolfi/openjdk-10-jre@10.0.2-r0?arch=aarch64\u0026origin=openjdk-10"
      },
      "Vulnerability": {
        "ID": "CVE-2024-21147",
        "Severity": "High",
        "Aliases": null,
        "FixedVersion": "1.8.0_421, 8.0.421, 11.0.24, 17.0.12, 21.0.4, 22.0.2"
      }
    },
    {
      "Package": {
        "ID": "81e41043cddaf9d1",
        "Name": "openjdk-10-jre",
        "Version": "10.0.2-r0",
        "Type": "apk",
        "Location": "/.PKGINFO",
        "PURL": "pkg:apk/wolfi/openjdk-10-jre@10.0.2-r0?arch=aarch64\u0026origin=openjdk-10"
      },
      "Vulnerability": {
        "ID": "CVE-2024-21208",
        "Severity": "Low",
        "Aliases": null,
        "FixedVersion": "1.8.0_431, 8.0.431, 11.0.25, 17.0.13, 21.0.5, 23.0.1"
      }
    },
    {
      "Package": {
        "ID": "81e41043cddaf9d1",
        "Name": "openjdk-10-jre",
        "Version": "10.0.2-r0",
        "Type": "apk",
        "Location": "/.PKGINFO",
        "PURL": "pkg:apk/wolfi/openjdk-10-jre@10.0.2-r0?arch=aarch64\u0026origin=openjdk-10"
      },
      "Vulnerability": {
        "ID": "CVE-2024-21210",
        "Severity": "Low",
        "Aliases": null,
        "FixedVersion": "1.8.0_431, 8.0.431, 11.0.25, 17.0.13, 21.0.5, 23.0.1"
      }
    },
    {
      "Package": {
        "ID": "81e41043cddaf9d1",
        "Name": "openjdk-10-jre",
        "Version": "10.0.2-r0",
        "Type": "apk",
        "Location": "/.PKGINFO",
        "PURL": "pkg:apk/wolfi/openjdk-10-jre@10.0.2-r0?arch=aarch64\u0026origin=openjdk-10"
      },
      "Vulnerability": {
        "ID": "CVE-2024-21217",
        "Severity": "Low",
        "Aliases": null,
        "FixedVersion": "1.8.0_431, 8.0.431, 11.0.25, 17.0.13, 21.0.5, 23.0.1"
      }
    },
    {
      "Package": {
        "ID": "81e41043cddaf9d1",
        "Name": "openjdk-10-jre",
        "Version": "10.0.2-r0",
        "Type": "apk",
        "Location": "/.PKGINFO",
        "PURL": "pkg:apk/wolfi/openjdk-10-jre@10.0.2-r0?arch=aarch64\u0026origin=openjdk-10"
      },
      "Vulnerability": {
        "ID": "CVE-2024-21235",
        "Severity": "Medium",
        "Aliases": null,
        "FixedVersion": "1.8.0_431, 8.0.431, 11.0.25, 17.0.13, 21.0.5, 23.0.1"
      }
    },
    {
      "Package": {
        "ID": "81e41043cddaf9d1",
        "Name": "openjdk-10-jre",
        "Version": "10.0.2-r0",
        "Type": "apk",
        "Location": "/.PKGINFO",
        "PURL": "pkg:apk/wolfi/openjdk-10-jre@10.0.2-r0?arch=aarch64\u0026origin=openjdk-10"
      },
      "Vulnerability": {
        "ID": "CVE-2025-21502",
        "Severity": "Medium",
        "Aliases": null,
        "FixedVersion": "1.8.0_441, 8.0.441, 11.0.26, 17.0.14, 21.0.6, 23.0.2"
      }
    }
  ],
  "DataSource": {
    "Kind": "grype-db",
    "Schema": "v6.0.2",
    "Integrity": "imported_db_archive_checksum=sha256:cb212d2776d099cb8635d5d238fcb3894ea81c0285b27911585c7556fbcb412f",
    "Date": "2025-03-06T04:06:38Z"
  }
}
