{
  "TargetAPK": {
    "Name": "openjdk-21",
    "Version": "21.0.3-r3",
    "OriginPackageName": "openjdk-21",
    "Arch": "aarch64"
  },
  "Findings": [
    {
      "Package": {
        "ID": "376b242bb2b257bb",
        "Name": "openjdk-21",
        "Version": "21.0.3-r3",
        "Type": "apk",
        "Location": "/.PKGINFO",
        "PURL": "pkg:apk/wolfi/openjdk-21@21.0.3-r3?arch=aarch64\u0026origin=openjdk-21"
      },
      "Vulnerability": {
        "ID": "CVE-2024-21131",
        "Severity": "Low",
        "Aliases": null,
        "FixedVersion": "1.8.0_421, 8.0.421, 11.0.24, 17.0.12, 21.0.4, 22.0.2"
      }
    },
    {
      "Package": {
        "ID": "376b242bb2b257bb",
        "Name": "openjdk-21",
        "Version": "21.0.3-r3",
        "Type": "apk",
        "Location": "/.PKGINFO",
        "PURL": "pkg:apk/wolfi/openjdk-21@21.0.3-r3?arch=aarch64\u0026origin=openjdk-21"
      },
      "Vulnerability": {
        "ID": "CVE-2024-21138",
        "Severity": "Low",
        "Aliases": null,
        "FixedVersion": "1.8.0_421, 8.0.421, 11.0.24, 17.0.12, 21.0.4, 22.0.2"
      }
    },
    {
      "Package": {
        "ID": "376b242bb2b257bb",
        "Name": "openjdk-21",
        "Version": "21.0.3-r3",
        "Type": "apk",
        "Location": "/.PKGINFO",
        "PURL": "pkg:apk/wolfi/openjdk-21@21.0.3-r3?arch=aarch64\u0026origin=openjdk-21"
      },
      "Vulnerability": {
        "ID": "CVE-2024-21140",
        "Severity": "Medium",
        "Aliases": null,
        "FixedVersion": "1.8.0_421, 8.0.421, 11.0.24, 17.0.12, 21.0.4, 22.0.2"
      }
    },
    {
      "Package": {
        "ID": "376b242bb2b257bb",
        "Name": "openjdk-21",
        "Version": "21.0.3-r3",
        "Type": "apk",
        "Location": "/.PKGINFO",
        "PURL": "pkg:apk/wolfi/openjdk-21@21.0.3-r3?arch=aarch64\u0026origin=openjdk-21"
      },
      "Vulnerability": {
        "ID": "CVE-2024-21145",
        "Severity": "Medium",
        "Aliases": null,
        "FixedVersion": "1.8.0_421, 8.0.421, 11.0.24, 17.0.12, 21.0.4, 22.0.2"
      }
    },
    {
      "Package": {
        "ID": "376b242bb2b257bb",
        "Name": "openjdk-21",
        "Version": "21.0.3-r3",
        "Type": "apk",
        "Location": "/.PKGINFO",
        "PURL": "pkg:apk/wolfi/openjdk-21@21.0.3-r3?arch=aarch64\u0026origin=openjdk-21"
      },
      "Vulnerability": {
        "ID": "CVE-2024-21147",
        "Severity": "High",
        "Aliases": null,
        "FixedVersion": "1.8.0_421, 8.0.421, 11.0.24, 17.0.12, 21.0.4, 22.0.2"
      }
    },
    {
      "Package": {
        "ID": "376b242bb2b257bb",
        "Name": "openjdk-21",
        "Version": "21.0.3-r3",
        "Type": "apk",
        "Location": "/.PKGINFO",
        "PURL": "pkg:apk/wolfi/openjdk-21@21.0.3-r3?arch=aarch64\u0026origin=openjdk-21"
      },
      "Vulnerability": {
        "ID": "CVE-2024-21208",
        "Severity": "Low",
        "Aliases": null,
        "FixedVersion": "1.8.0_431, 8.0.431, 11.0.25, 17.0.13, 21.0.5, 23.0.1"
      }
    },
    {
      "Package": {
        "ID": "376b242bb2b257bb",
        "Name": "openjdk-21",
        "Version": "21.0.3-r3",
        "Type": "apk",
        "Location": "/.PKGINFO",
        "PURL": "pkg:apk/wolfi/openjdk-21@21.0.3-r3?arch=aarch64\u0026origin=openjdk-21"
      },
      "Vulnerability": {
        "ID": "CVE-2024-21210",
        "Severity": "Low",
        "Aliases": null,
        "FixedVersion": "1.8.0_431, 8.0.431, 11.0.25, 17.0.13, 21.0.5, 23.0.1"
      }
    },
    {
      "Package": {
        "ID": "376b242bb2b257bb",
        "Name": "openjdk-21",
        "Version": "21.0.3-r3",
        "Type": "apk",
        "Location": "/.PKGINFO",
        "PURL": "pkg:apk/wolfi/openjdk-21@21.0.3-r3?arch=aarch64\u0026origin=openjdk-21"
      },
      "Vulnerability": {
        "ID": "CVE-2024-21217",
        "Severity": "Low",
        "Aliases": null,
        "FixedVersion": "1.8.0_431, 8.0.431, 11.0.25, 17.0.13, 21.0.5, 23.0.1"
      }
    },
    {
      "Package": {
        "ID": "376b242bb2b257bb",
        "Name": "openjdk-21",
        "Version": "21.0.3-r3",
        "Type": "apk",
        "Location": "/.PKGINFO",
        "PURL": "pkg:apk/wolfi/openjdk-21@21.0.3-r3?arch=aarch64\u0026origin=openjdk-21"
      },
      "Vulnerability": {
        "ID": "CVE-2024-21235",
        "Severity": "Medium",
        "Aliases": null,
        "FixedVersion": "1.8.0_431, 8.0.431, 11.0.25, 17.0.13, 21.0.5, 23.0.1"
      }
    },
    {
      "Package": {
        "ID": "376b242bb2b257bb",
        "Name": "openjdk-21",
        "Version": "21.0.3-r3",
        "Type": "apk",
        "Location": "/.PKGINFO",
        "PURL": "pkg:apk/wolfi/openjdk-21@21.0.3-r3?arch=aarch64\u0026origin=openjdk-21"
      },
      "Vulnerability": {
        "ID": "CVE-2025-21502",
        "Severity": "Medium",
        "Aliases": null,
        "FixedVersion": "1.8.0_441, 8.0.441, 11.0.26, 17.0.14, 21.0.6, 23.0.2"
      }
    }
  ],
  "DataSource": {
    "Kind": "grype-db",
    "Schema": "v6.0.2",
    "Integrity": "imported_db_archive_checksum=sha256:cb212d2776d099cb8635d5d238fcb3894ea81c0285b27911585c7556fbcb412f",
    "Date": "2025-03-06T04:06:38Z"
  }
}
