{
  "TargetAPK": {
    "Name": "python-3.11",
    "Version": "3.11.1-r5",
    "OriginPackageName": "python-3.11",
    "Arch": "aarch64"
  },
  "Findings": [
    {
      "Package": {
        "ID": "fd0d299cb0d51ec3",
        "Name": "python-3.11",
        "Version": "3.11.1-r5",
        "Type": "apk",
        "Location": "/.PKGINFO",
        "PURL": "pkg:apk/wolfi/python-3.11@3.11.1-r5?arch=aarch64\u0026origin=python-3.11"
      },
      "Vulnerability": {
        "ID": "CVE-2007-4559",
        "Severity": "Medium",
        "Aliases": null,
        "FixedVersion": "3.6.16, 3.8.17, 3.9.17, 3.10.12, 3.11.4"
      }
    },
    {
      "Package": {
        "ID": "fd0d299cb0d51ec3",
        "Name": "python-3.11",
        "Version": "3.11.1-r5",
        "Type": "apk",
        "Location": "/.PKGINFO",
        "PURL": "pkg:apk/wolfi/python-3.11@3.11.1-r5?arch=aarch64\u0026origin=python-3.11"
      },
      "Vulnerability": {
        "ID": "CVE-2023-24329",
        "Severity": "High",
        "Aliases": null,
        "FixedVersion": "3.7.17, 3.8.17, 3.9.17, 3.10.12, 3.11.4"
      }
    },
    {
      "Package": {
        "ID": "fd0d299cb0d51ec3",
        "Name": "python-3.11",
        "Version": "3.11.1-r5",
        "Type": "apk",
        "Location": "/.PKGINFO",
        "PURL": "pkg:apk/wolfi/python-3.11@3.11.1-r5?arch=aarch64\u0026origin=python-3.11"
      },
      "Vulnerability": {
        "ID": "CVE-2023-27043",
        "Severity": "Medium",
        "Aliases": null,
        "FixedVersion": "3.13.0a1, 3.12.6, 3.11.10, 3.10.15, 3.9.20, 3.8.20"
      }
    },
    {
      "Package": {
        "ID": "fd0d299cb0d51ec3",
        "Name": "python-3.11",
        "Version": "3.11.1-r5",
        "Type": "apk",
        "Location": "/.PKGINFO",
        "PURL": "pkg:apk/wolfi/python-3.11@3.11.1-r5?arch=aarch64\u0026origin=python-3.11"
      },
      "Vulnerability": {
        "ID": "CVE-2023-36632",
        "Severity": "High",
        "Aliases": null,
        "FixedVersion": ""
      }
    },
    {
      "Package": {
        "ID": "fd0d299cb0d51ec3",
        "Name": "python-3.11",
        "Version": "3.11.1-r5",
        "Type": "apk",
        "Location": "/.PKGINFO",
        "PURL": "pkg:apk/wolfi/python-3.11@3.11.1-r5?arch=aarch64\u0026origin=python-3.11"
      },
      "Vulnerability": {
        "ID": "CVE-2023-40217",
        "Severity": "Medium",
        "Aliases": null,
        "FixedVersion": "3.8.18, 3.9.18, 3.10.13, 3.11.5"
      }
    },
    {
      "Package": {
        "ID": "fd0d299cb0d51ec3",
        "Name": "python-3.11",
        "Version": "3.11.1-r5",
        "Type": "apk",
        "Location": "/.PKGINFO",
        "PURL": "pkg:apk/wolfi/python-3.11@3.11.1-r5?arch=aarch64\u0026origin=python-3.11"
      },
      "Vulnerability": {
        "ID": "CVE-2023-41105",
        "Severity": "High",
        "Aliases": null,
        "FixedVersion": "3.12.0rc2, 3.11.5"
      }
    },
    {
      "Package": {
        "ID": "fd0d299cb0d51ec3",
        "Name": "python-3.11",
        "Version": "3.11.1-r5",
        "Type": "apk",
        "Location": "/.PKGINFO",
        "PURL": "pkg:apk/wolfi/python-3.11@3.11.1-r5?arch=aarch64\u0026origin=python-3.11"
      },
      "Vulnerability": {
        "ID": "CVE-2023-6597",
        "Severity": "High",
        "Aliases": null,
        "FixedVersion": "3.8.19, 3.9.19, 3.10.14, 3.11.8, 3.12.1, 3.13.0a3"
      }
    },
    {
      "Package": {
        "ID": "fd0d299cb0d51ec3",
        "Name": "python-3.11",
        "Version": "3.11.1-r5",
        "Type": "apk",
        "Location": "/.PKGINFO",
        "PURL": "pkg:apk/wolfi/python-3.11@3.11.1-r5?arch=aarch64\u0026origin=python-3.11"
      },
      "Vulnerability": {
        "ID": "CVE-2024-0397",
        "Severity": "High",
        "Aliases": null,
        "FixedVersion": "3.8.20, 3.9.20, 3.10.14, 3.11.9, 3.12.3, 3.13.0a5"
      }
    },
    {
      "Package": {
        "ID": "fd0d299cb0d51ec3",
        "Name": "python-3.11",
        "Version": "3.11.1-r5",
        "Type": "apk",
        "Location": "/.PKGINFO",
        "PURL": "pkg:apk/wolfi/python-3.11@3.11.1-r5?arch=aarch64\u0026origin=python-3.11"
      },
      "Vulnerability": {
        "ID": "CVE-2024-0450",
        "Severity": "Medium",
        "Aliases": null,
        "FixedVersion": "3.8.19, 3.9.19, 3.10.14, 3.11.8, 3.12.2, 3.13.0a3"
      }
    },
    {
      "Package": {
        "ID": "fd0d299cb0d51ec3",
        "Name": "python-3.11",
        "Version": "3.11.1-r5",
        "Type": "apk",
        "Location": "/.PKGINFO",
        "PURL": "pkg:apk/wolfi/python-3.11@3.11.1-r5?arch=aarch64\u0026origin=python-3.11"
      },
      "Vulnerability": {
        "ID": "CVE-2024-11168",
        "Severity": "Low",
        "Aliases": null,
        "FixedVersion": "3.9.21, 3.10.16, 3.11.4, 3.12.0b1"
      }
    },
    {
      "Package": {
        "ID": "fd0d299cb0d51ec3",
        "Name": "python-3.11",
        "Version": "3.11.1-r5",
        "Type": "apk",
        "Location": "/.PKGINFO",
        "PURL": "pkg:apk/wolfi/python-3.11@3.11.1-r5?arch=aarch64\u0026origin=python-3.11"
      },
      "Vulnerability": {
        "ID": "CVE-2024-3219",
        "Severity": "Unknown",
        "Aliases": null,
        "FixedVersion": "3.8.20, 3.9.20, 3.10.15, 3.11.10, 3.12.5, 3.13.0rc1"
      }
    },
    {
      "Package": {
        "ID": "fd0d299cb0d51ec3",
        "Name": "python-3.11",
        "Version": "3.11.1-r5",
        "Type": "apk",
        "Location": "/.PKGINFO",
        "PURL": "pkg:apk/wolfi/python-3.11@3.11.1-r5?arch=aarch64\u0026origin=python-3.11"
      },
      "Vulnerability": {
        "ID": "CVE-2024-3220",
        "Severity": "Unknown",
        "Aliases": null,
        "FixedVersion": "3.14.0"
      }
    },
    {
      "Package": {
        "ID": "fd0d299cb0d51ec3",
        "Name": "python-3.11",
        "Version": "3.11.1-r5",
        "Type": "apk",
        "Location": "/.PKGINFO",
        "PURL": "pkg:apk/wolfi/python-3.11@3.11.1-r5?arch=aarch64\u0026origin=python-3.11"
      },
      "Vulnerability": {
        "ID": "CVE-2024-4030",
        "Severity": "High",
        "Aliases": null,
        "FixedVersion": "3.8.20, 3.9.20, 3.10.15, 3.11.10, 3.12.4, 3.13.0b1"
      }
    },
    {
      "Package": {
        "ID": "fd0d299cb0d51ec3",
        "Name": "python-3.11",
        "Version": "3.11.1-r5",
        "Type": "apk",
        "Location": "/.PKGINFO",
        "PURL": "pkg:apk/wolfi/python-3.11@3.11.1-r5?arch=aarch64\u0026origin=python-3.11"
      },
      "Vulnerability": {
        "ID": "CVE-2024-4032",
        "Severity": "High",
        "Aliases": null,
        "FixedVersion": "3.8.20, 3.9.20, 3.10.15, 3.11.10, 3.12.4, 3.13.0a6"
      }
    },
    {
      "Package": {
        "ID": "fd0d299cb0d51ec3",
        "Name": "python-3.11",
        "Version": "3.11.1-r5",
        "Type": "apk",
        "Location": "/.PKGINFO",
        "PURL": "pkg:apk/wolfi/python-3.11@3.11.1-r5?arch=aarch64\u0026origin=python-3.11"
      },
      "Vulnerability": {
        "ID": "CVE-2024-50602",
        "Severity": "Medium",
        "Aliases": null,
        "FixedVersion": "3.13.1, 3.12.8, 3.11.11, 3.10.16, 3.9.21"
      }
    },
    {
      "Package": {
        "ID": "fd0d299cb0d51ec3",
        "Name": "python-3.11",
        "Version": "3.11.1-r5",
        "Type": "apk",
        "Location": "/.PKGINFO",
        "PURL": "pkg:apk/wolfi/python-3.11@3.11.1-r5?arch=aarch64\u0026origin=python-3.11"
      },
      "Vulnerability": {
        "ID": "CVE-2024-6232",
        "Severity": "High",
        "Aliases": null,
        "FixedVersion": "3.13.0rc2, 3.12.6, 3.11.10, 3.10.15, 3.9.20, 3.8.20"
      }
    },
    {
      "Package": {
        "ID": "fd0d299cb0d51ec3",
        "Name": "python-3.11",
        "Version": "3.11.1-r5",
        "Type": "apk",
        "Location": "/.PKGINFO",
        "PURL": "pkg:apk/wolfi/python-3.11@3.11.1-r5?arch=aarch64\u0026origin=python-3.11"
      },
      "Vulnerability": {
        "ID": "CVE-2024-6923",
        "Severity": "Medium",
        "Aliases": null,
        "FixedVersion": "3.8.20, 3.9.20, 3.10.15, 3.11.10, 3.12.5, 3.13.0rc2"
      }
    },
    {
      "Package": {
        "ID": "fd0d299cb0d51ec3",
        "Name": "python-3.11",
        "Version": "3.11.1-r5",
        "Type": "apk",
        "Location": "/.PKGINFO",
        "PURL": "pkg:apk/wolfi/python-3.11@3.11.1-r5?arch=aarch64\u0026origin=python-3.11"
      },
      "Vulnerability": {
        "ID": "CVE-2024-7592",
        "Severity": "High",
        "Aliases": null,
        "FixedVersion": "3.13.0rc2, 3.12.6, 3.11.10, 3.10.15, 3.9.20, 3.8.20"
      }
    },
    {
      "Package": {
        "ID": "fd0d299cb0d51ec3",
        "Name": "python-3.11",
        "Version": "3.11.1-r5",
        "Type": "apk",
        "Location": "/.PKGINFO",
        "PURL": "pkg:apk/wolfi/python-3.11@3.11.1-r5?arch=aarch64\u0026origin=python-3.11"
      },
      "Vulnerability": {
        "ID": "CVE-2024-8088",
        "Severity": "Unknown",
        "Aliases": null,
        "FixedVersion": "3.8.20, 3.9.20, 3.10.15, 3.11.10, 3.12.6, 3.13.0rc2"
      }
    },
    {
      "Package": {
        "ID": "fd0d299cb0d51ec3",
        "Name": "python-3.11",
        "Version": "3.11.1-r5",
        "Type": "apk",
        "Location": "/.PKGINFO",
        "PURL": "pkg:apk/wolfi/python-3.11@3.11.1-r5?arch=aarch64\u0026origin=python-3.11"
      },
      "Vulnerability": {
        "ID": "CVE-2024-9287",
        "Severity": "High",
        "Aliases": null,
        "FixedVersion": "3.9.21, 3.10.16, 3.11.11, 3.12.8, 3.13.1, 3.14.0a2"
      }
    },
    {
      "Package": {
        "ID": "fd0d299cb0d51ec3",
        "Name": "python-3.11",
        "Version": "3.11.1-r5",
        "Type": "apk",
        "Location": "/.PKGINFO",
        "PURL": "pkg:apk/wolfi/python-3.11@3.11.1-r5?arch=aarch64\u0026origin=python-3.11"
      },
      "Vulnerability": {
        "ID": "CVE-2025-0938",
        "Severity": "Unknown",
        "Aliases": null,
        "FixedVersion": "3.12.9, 3.13.2"
      }
    },
    {
      "Package": {
        "ID": "fd0d299cb0d51ec3",
        "Name": "python-3.11",
        "Version": "3.11.1-r5",
        "Type": "apk",
        "Location": "/.PKGINFO",
        "PURL": "pkg:apk/wolfi/python-3.11@3.11.1-r5?arch=aarch64\u0026origin=python-3.11"
      },
      "Vulnerability": {
        "ID": "CVE-2025-1795",
        "Severity": "Unknown",
        "Aliases": null,
        "FixedVersion": "3.11.9, 3.12.3, 3.13.0a5"
      }
    },
    {
      "Package": {
        "ID": "2c8263814eb0e9b8",
        "Name": "pip",
        "Version": "22.3.1",
        "Type": "python",
        "Location": "/usr/lib/python3.11/ensurepip/_bundled/pip-22.3.1-py3-none-any.whl",
        "PURL": "pkg:pypi/pip@22.3.1"
      },
      "Vulnerability": {
        "ID": "GHSA-mq26-g339-26xf",
        "Severity": "Medium",
        "Aliases": [
          "CVE-2023-5752"
        ],
        "FixedVersion": "23.3"
      }
    },
    {
      "Package": {
        "ID": "a145349ac56ab1b1",
        "Name": "setuptools",
        "Version": "65.5.0",
        "Type": "python",
        "Location": "/usr/lib/python3.11/ensurepip/_bundled/setuptools-65.5.0-py3-none-any.whl",
        "PURL": "pkg:pypi/setuptools@65.5.0"
      },
      "Vulnerability": {
        "ID": "GHSA-cx63-2mw6-8hw5",
        "Severity": "High",
        "Aliases": [
          "CVE-2024-6345"
        ],
        "FixedVersion": "70.0.0"
      }
    },
    {
      "Package": {
        "ID": "a145349ac56ab1b1",
        "Name": "setuptools",
        "Version": "65.5.0",
        "Type": "python",
        "Location": "/usr/lib/python3.11/ensurepip/_bundled/setuptools-65.5.0-py3-none-any.whl",
        "PURL": "pkg:pypi/setuptools@65.5.0"
      },
      "Vulnerability": {
        "ID": "GHSA-r9hx-vwmv-q579",
        "Severity": "High",
        "Aliases": [
          "CVE-2022-40897"
        ],
        "FixedVersion": "65.5.1"
      }
    }
  ],
  "DataSource": {
    "Kind": "grype-db",
    "Schema": "v6.0.2",
    "Integrity": "imported_db_archive_checksum=sha256:cb212d2776d099cb8635d5d238fcb3894ea81c0285b27911585c7556fbcb412f",
    "Date": "2025-03-06T04:06:38Z"
  }
}
