{
  "artifacts": [
    {
      "id": "e53b033316bed0e3",
      "name": "crane",
      "version": "0.19.1-r6",
      "type": "apk",
      "foundBy": "wolfictl",
      "locations": [
        {
          "path": ".PKGINFO",
          "accessPath": ".PKGINFO"
        }
      ],
      "licenses": [
        {
          "value": "Apache-2.0",
          "spdxExpression": "Apache-2.0",
          "type": "declared",
          "urls": [],
          "locations": []
        }
      ],
      "language": "",
      "cpes": [
        {
          "cpe": "cpe:2.3:a:crane:crane:0.19.1-r6:*:*:*:*:*:*:*",
          "source": "syft-generated"
        }
      ],
      "purl": "pkg:apk/wolfi/crane@0.19.1-r6?arch=aarch64&origin=crane",
      "metadataType": "apk-db-entry",
      "metadata": {
        "package": "crane",
        "originPackage": "crane",
        "maintainer": "",
        "version": "0.19.1-r6",
        "architecture": "aarch64",
        "url": "",
        "description": "Tool for interacting with remote images and registries.",
        "size": 9891368,
        "installedSize": 0,
        "pullDependencies": [
          "ca-certificates-bundle"
        ],
        "provides": [
          "cmd:crane=0.19.1-r6"
        ],
        "pullChecksum": "27893385ce8d0ee8b832d3d8e15879d73efe7dcfcccd7b90786d2c1901d88ca9",
        "gitCommitOfApkPort": "918889b5a6a2d43ceb21dc4aaa092e2405d1a141",
        "files": [
          {
            "path": "."
          },
          {
            "path": ".PKGINFO"
          },
          {
            "path": ".SIGN.RSA.wolfi-signing.rsa.pub"
          },
          {
            "path": "usr"
          },
          {
            "path": "usr/bin"
          },
          {
            "path": "usr/bin/crane"
          },
          {
            "path": "var"
          },
          {
            "path": "var/lib"
          },
          {
            "path": "var/lib/db"
          },
          {
            "path": "var/lib/db/sbom"
          },
          {
            "path": "var/lib/db/sbom/crane-0.19.1-r6.spdx.json"
          }
        ]
      }
    },
    {
      "id": "b71d6e12c1805958",
      "name": "github.com/containerd/stargz-snapshotter/estargz",
      "version": "v0.14.3",
      "type": "go-module",
      "foundBy": "go-module-binary-cataloger",
      "locations": [
        {
          "path": "usr/bin/crane",
          "accessPath": "usr/bin/crane",
          "annotations": {
            "evidence": "primary"
          }
        }
      ],
      "licenses": [],
      "language": "go",
      "cpes": [
        {
          "cpe": "cpe:2.3:a:containerd:stargz-snapshotter\\/estargz:v0.14.3:*:*:*:*:*:*:*",
          "source": "syft-generated"
        },
        {
          "cpe": "cpe:2.3:a:containerd:stargz_snapshotter\\/estargz:v0.14.3:*:*:*:*:*:*:*",
          "source": "syft-generated"
        }
      ],
      "purl": "pkg:golang/github.com/containerd/stargz-snapshotter@v0.14.3#estargz",
      "metadataType": "go-module-buildinfo-entry",
      "metadata": {
        "goCompiledVersion": "go1.22.4",
        "architecture": "arm64",
        "h1Digest": "h1:OqlDCK3ZVUO6C3B/5FSkDwbkEETK84kQgEeFwDC+62k=",
        "mainModule": "github.com/google/go-containerregistry"
      }
    },
    {
      "id": "b6de8a2fb85cf4a8",
      "name": "github.com/docker/cli",
      "version": "v24.0.0+incompatible",
      "type": "go-module",
      "foundBy": "go-module-binary-cataloger",
      "locations": [
        {
          "path": "usr/bin/crane",
          "accessPath": "usr/bin/crane",
          "annotations": {
            "evidence": "primary"
          }
        }
      ],
      "licenses": [],
      "language": "go",
      "cpes": [
        {
          "cpe": "cpe:2.3:a:docker:cli:v24.0.0\\+incompatible:*:*:*:*:*:*:*",
          "source": "syft-generated"
        }
      ],
      "purl": "pkg:golang/github.com/docker/cli@v24.0.0%2Bincompatible",
      "metadataType": "go-module-buildinfo-entry",
      "metadata": {
        "goCompiledVersion": "go1.22.4",
        "architecture": "arm64",
        "h1Digest": "h1:0+1VshNwBQzQAx9lOl+OYCTCEAD8fKs/qeXMx3O0wqM=",
        "mainModule": "github.com/google/go-containerregistry"
      }
    },
    {
      "id": "fff6d726d96d72aa",
      "name": "github.com/docker/distribution",
      "version": "v2.8.2+incompatible",
      "type": "go-module",
      "foundBy": "go-module-binary-cataloger",
      "locations": [
        {
          "path": "usr/bin/crane",
          "accessPath": "usr/bin/crane",
          "annotations": {
            "evidence": "primary"
          }
        }
      ],
      "licenses": [],
      "language": "go",
      "cpes": [
        {
          "cpe": "cpe:2.3:a:docker:distribution:v2.8.2\\+incompatible:*:*:*:*:*:*:*",
          "source": "syft-generated"
        }
      ],
      "purl": "pkg:golang/github.com/docker/distribution@v2.8.2%2Bincompatible",
      "metadataType": "go-module-buildinfo-entry",
      "metadata": {
        "goCompiledVersion": "go1.22.4",
        "architecture": "arm64",
        "h1Digest": "h1:T3de5rq0dB1j30rp0sA2rER+m322EBzniBPB6ZIzuh8=",
        "mainModule": "github.com/google/go-containerregistry"
      }
    },
    {
      "id": "efdccf152e0515fe",
      "name": "github.com/docker/docker",
      "version": "v24.0.9+incompatible",
      "type": "go-module",
      "foundBy": "go-module-binary-cataloger",
      "locations": [
        {
          "path": "usr/bin/crane",
          "accessPath": "usr/bin/crane",
          "annotations": {
            "evidence": "primary"
          }
        }
      ],
      "licenses": [],
      "language": "go",
      "cpes": [
        {
          "cpe": "cpe:2.3:a:docker:docker:v24.0.9\\+incompatible:*:*:*:*:*:*:*",
          "source": "syft-generated"
        }
      ],
      "purl": "pkg:golang/github.com/docker/docker@v24.0.9%2Bincompatible",
      "metadataType": "go-module-buildinfo-entry",
      "metadata": {
        "goCompiledVersion": "go1.22.4",
        "architecture": "arm64",
        "h1Digest": "h1:HPGzNmwfLZWdxHqK9/II92pyi1EpYKsAqcl4G0Of9v0=",
        "mainModule": "github.com/google/go-containerregistry"
      }
    },
    {
      "id": "c0144ae4dd8d4924",
      "name": "github.com/docker/docker-credential-helpers",
      "version": "v0.7.0",
      "type": "go-module",
      "foundBy": "go-module-binary-cataloger",
      "locations": [
        {
          "path": "usr/bin/crane",
          "accessPath": "usr/bin/crane",
          "annotations": {
            "evidence": "primary"
          }
        }
      ],
      "licenses": [],
      "language": "go",
      "cpes": [
        {
          "cpe": "cpe:2.3:a:docker:docker-credential-helpers:v0.7.0:*:*:*:*:*:*:*",
          "source": "syft-generated"
        },
        {
          "cpe": "cpe:2.3:a:docker:docker_credential_helpers:v0.7.0:*:*:*:*:*:*:*",
          "source": "syft-generated"
        }
      ],
      "purl": "pkg:golang/github.com/docker/docker-credential-helpers@v0.7.0",
      "metadataType": "go-module-buildinfo-entry",
      "metadata": {
        "goCompiledVersion": "go1.22.4",
        "architecture": "arm64",
        "h1Digest": "h1:xtCHsjxogADNZcdv1pKUHXryefjlVRqWqIhk/uXJp0A=",
        "mainModule": "github.com/google/go-containerregistry"
      }
    },
    {
      "id": "1cebfae819fc38a2",
      "name": "github.com/google/go-cmp",
      "version": "v0.5.9",
      "type": "go-module",
      "foundBy": "go-module-binary-cataloger",
      "locations": [
        {
          "path": "usr/bin/crane",
          "accessPath": "usr/bin/crane",
          "annotations": {
            "evidence": "primary"
          }
        }
      ],
      "licenses": [],
      "language": "go",
      "cpes": [
        {
          "cpe": "cpe:2.3:a:google:go-cmp:v0.5.9:*:*:*:*:*:*:*",
          "source": "syft-generated"
        },
        {
          "cpe": "cpe:2.3:a:google:go_cmp:v0.5.9:*:*:*:*:*:*:*",
          "source": "syft-generated"
        }
      ],
      "purl": "pkg:golang/github.com/google/go-cmp@v0.5.9",
      "metadataType": "go-module-buildinfo-entry",
      "metadata": {
        "goCompiledVersion": "go1.22.4",
        "architecture": "arm64",
        "h1Digest": "h1:O2Tfq5qg4qc4AmwVlvv0oLiVAGB7enBSJ2x2DqQFi38=",
        "mainModule": "github.com/google/go-containerregistry"
      }
    },
    {
      "id": "3c4227189c98474c",
      "name": "github.com/google/go-containerregistry",
      "version": "v0.19.1",
      "type": "go-module",
      "foundBy": "go-module-binary-cataloger",
      "locations": [
        {
          "path": "usr/bin/crane",
          "accessPath": "usr/bin/crane",
          "annotations": {
            "evidence": "primary"
          }
        }
      ],
      "licenses": [],
      "language": "go",
      "cpes": [
        {
          "cpe": "cpe:2.3:a:google:go-containerregistry:v0.19.1:*:*:*:*:*:*:*",
          "source": "syft-generated"
        },
        {
          "cpe": "cpe:2.3:a:google:go_containerregistry:v0.19.1:*:*:*:*:*:*:*",
          "source": "syft-generated"
        }
      ],
      "purl": "pkg:golang/github.com/google/go-containerregistry@v0.19.1",
      "metadataType": "go-module-buildinfo-entry",
      "metadata": {
        "goBuildSettings": [
          {
            "key": "-buildmode",
            "value": "exe"
          },
          {
            "key": "-compiler",
            "value": "gc"
          },
          {
            "key": "-ldflags",
            "value": "-w -s -w -buildid= -X github.com/google/go-containerregistry/cmd/crane/cmd.Version=0.19.1 -X github.com/google/go-containerregistry/pkg/v1/remote/transport.Version=0.19.1"
          },
          {
            "key": "-tags",
            "value": "netgo,osusergo"
          },
          {
            "key": "-trimpath",
            "value": "true"
          },
          {
            "key": "CGO_ENABLED",
            "value": "0"
          },
          {
            "key": "GOARCH",
            "value": "arm64"
          },
          {
            "key": "GOOS",
            "value": "linux"
          },
          {
            "key": "vcs",
            "value": "git"
          },
          {
            "key": "vcs.revision",
            "value": "8b3c3036d612bcb3c1147fe11c2d1818dc432329"
          },
          {
            "key": "vcs.time",
            "value": "2024-03-13T21:30:35Z"
          },
          {
            "key": "vcs.modified",
            "value": "true"
          }
        ],
        "goCompiledVersion": "go1.22.4",
        "architecture": "arm64",
        "mainModule": "github.com/google/go-containerregistry"
      }
    },
    {
      "id": "0e9c5750d3318e06",
      "name": "github.com/klauspost/compress",
      "version": "v1.16.5",
      "type": "go-module",
      "foundBy": "go-module-binary-cataloger",
      "locations": [
        {
          "path": "usr/bin/crane",
          "accessPath": "usr/bin/crane",
          "annotations": {
            "evidence": "primary"
          }
        }
      ],
      "licenses": [],
      "language": "go",
      "cpes": [
        {
          "cpe": "cpe:2.3:a:klauspost:compress:v1.16.5:*:*:*:*:*:*:*",
          "source": "syft-generated"
        }
      ],
      "purl": "pkg:golang/github.com/klauspost/compress@v1.16.5",
      "metadataType": "go-module-buildinfo-entry",
      "metadata": {
        "goCompiledVersion": "go1.22.4",
        "architecture": "arm64",
        "h1Digest": "h1:IFV2oUNUzZaz+XyusxpLzpzS8Pt5rh0Z16For/djlyI=",
        "mainModule": "github.com/google/go-containerregistry"
      }
    },
    {
      "id": "5bb392a057586b5b",
      "name": "github.com/mitchellh/go-homedir",
      "version": "v1.1.0",
      "type": "go-module",
      "foundBy": "go-module-binary-cataloger",
      "locations": [
        {
          "path": "usr/bin/crane",
          "accessPath": "usr/bin/crane",
          "annotations": {
            "evidence": "primary"
          }
        }
      ],
      "licenses": [],
      "language": "go",
      "cpes": [
        {
          "cpe": "cpe:2.3:a:mitchellh:go-homedir:v1.1.0:*:*:*:*:*:*:*",
          "source": "syft-generated"
        },
        {
          "cpe": "cpe:2.3:a:mitchellh:go_homedir:v1.1.0:*:*:*:*:*:*:*",
          "source": "syft-generated"
        }
      ],
      "purl": "pkg:golang/github.com/mitchellh/go-homedir@v1.1.0",
      "metadataType": "go-module-buildinfo-entry",
      "metadata": {
        "goCompiledVersion": "go1.22.4",
        "architecture": "arm64",
        "h1Digest": "h1:lukF9ziXFxDFPkA1vsr5zpc1XuPDn/wFntq5mG+4E0Y=",
        "mainModule": "github.com/google/go-containerregistry"
      }
    },
    {
      "id": "3ce41a3bb1a4f1fa",
      "name": "github.com/opencontainers/go-digest",
      "version": "v1.0.0",
      "type": "go-module",
      "foundBy": "go-module-binary-cataloger",
      "locations": [
        {
          "path": "usr/bin/crane",
          "accessPath": "usr/bin/crane",
          "annotations": {
            "evidence": "primary"
          }
        }
      ],
      "licenses": [],
      "language": "go",
      "cpes": [
        {
          "cpe": "cpe:2.3:a:opencontainers:go-digest:v1.0.0:*:*:*:*:*:*:*",
          "source": "syft-generated"
        },
        {
          "cpe": "cpe:2.3:a:opencontainers:go_digest:v1.0.0:*:*:*:*:*:*:*",
          "source": "syft-generated"
        }
      ],
      "purl": "pkg:golang/github.com/opencontainers/go-digest@v1.0.0",
      "metadataType": "go-module-buildinfo-entry",
      "metadata": {
        "goCompiledVersion": "go1.22.4",
        "architecture": "arm64",
        "h1Digest": "h1:apOUWs51W5PlhuyGyz9FCeeBIOUDA/6nW8Oi/yOhh5U=",
        "mainModule": "github.com/google/go-containerregistry"
      }
    },
    {
      "id": "0152f892c55c4fa3",
      "name": "github.com/opencontainers/image-spec",
      "version": "v1.1.0-rc3",
      "type": "go-module",
      "foundBy": "go-module-binary-cataloger",
      "locations": [
        {
          "path": "usr/bin/crane",
          "accessPath": "usr/bin/crane",
          "annotations": {
            "evidence": "primary"
          }
        }
      ],
      "licenses": [],
      "language": "go",
      "cpes": [
        {
          "cpe": "cpe:2.3:a:opencontainers:image-spec:v1.1.0-rc3:*:*:*:*:*:*:*",
          "source": "syft-generated"
        },
        {
          "cpe": "cpe:2.3:a:opencontainers:image_spec:v1.1.0-rc3:*:*:*:*:*:*:*",
          "source": "syft-generated"
        }
      ],
      "purl": "pkg:golang/github.com/opencontainers/image-spec@v1.1.0-rc3",
      "metadataType": "go-module-buildinfo-entry",
      "metadata": {
        "goCompiledVersion": "go1.22.4",
        "architecture": "arm64",
        "h1Digest": "h1:fzg1mXZFj8YdPeNkRXMg+zb88BFV0Ys52cJydRwBkb8=",
        "mainModule": "github.com/google/go-containerregistry"
      }
    },
    {
      "id": "8ac7d661b95eb66a",
      "name": "github.com/pkg/errors",
      "version": "v0.9.1",
      "type": "go-module",
      "foundBy": "go-module-binary-cataloger",
      "locations": [
        {
          "path": "usr/bin/crane",
          "accessPath": "usr/bin/crane",
          "annotations": {
            "evidence": "primary"
          }
        }
      ],
      "licenses": [],
      "language": "go",
      "cpes": [
        {
          "cpe": "cpe:2.3:a:pkg:errors:v0.9.1:*:*:*:*:*:*:*",
          "source": "syft-generated"
        }
      ],
      "purl": "pkg:golang/github.com/pkg/errors@v0.9.1",
      "metadataType": "go-module-buildinfo-entry",
      "metadata": {
        "goCompiledVersion": "go1.22.4",
        "architecture": "arm64",
        "h1Digest": "h1:FEBLx1zS214owpjy7qsBeixbURkuhQAwrK5UwLGTwt4=",
        "mainModule": "github.com/google/go-containerregistry"
      }
    },
    {
      "id": "af2b4bec5c8d6859",
      "name": "github.com/sirupsen/logrus",
      "version": "v1.9.1",
      "type": "go-module",
      "foundBy": "go-module-binary-cataloger",
      "locations": [
        {
          "path": "usr/bin/crane",
          "accessPath": "usr/bin/crane",
          "annotations": {
            "evidence": "primary"
          }
        }
      ],
      "licenses": [],
      "language": "go",
      "cpes": [
        {
          "cpe": "cpe:2.3:a:sirupsen:logrus:v1.9.1:*:*:*:*:*:*:*",
          "source": "syft-generated"
        }
      ],
      "purl": "pkg:golang/github.com/sirupsen/logrus@v1.9.1",
      "metadataType": "go-module-buildinfo-entry",
      "metadata": {
        "goCompiledVersion": "go1.22.4",
        "architecture": "arm64",
        "h1Digest": "h1:Ou41VVR3nMWWmTiEUnj0OlsgOSCUFgsPAOl6jRIcVtQ=",
        "mainModule": "github.com/google/go-containerregistry"
      }
    },
    {
      "id": "c3ee699036a9a51e",
      "name": "github.com/spf13/cobra",
      "version": "v1.7.0",
      "type": "go-module",
      "foundBy": "go-module-binary-cataloger",
      "locations": [
        {
          "path": "usr/bin/crane",
          "accessPath": "usr/bin/crane",
          "annotations": {
            "evidence": "primary"
          }
        }
      ],
      "licenses": [],
      "language": "go",
      "cpes": [
        {
          "cpe": "cpe:2.3:a:spf13:cobra:v1.7.0:*:*:*:*:*:*:*",
          "source": "syft-generated"
        }
      ],
      "purl": "pkg:golang/github.com/spf13/cobra@v1.7.0",
      "metadataType": "go-module-buildinfo-entry",
      "metadata": {
        "goCompiledVersion": "go1.22.4",
        "architecture": "arm64",
        "h1Digest": "h1:hyqWnYt1ZQShIddO5kBpj3vu05/++x6tJ6dg8EC572I=",
        "mainModule": "github.com/google/go-containerregistry"
      }
    },
    {
      "id": "593447f5e2fbe61e",
      "name": "github.com/spf13/pflag",
      "version": "v1.0.5",
      "type": "go-module",
      "foundBy": "go-module-binary-cataloger",
      "locations": [
        {
          "path": "usr/bin/crane",
          "accessPath": "usr/bin/crane",
          "annotations": {
            "evidence": "primary"
          }
        }
      ],
      "licenses": [],
      "language": "go",
      "cpes": [
        {
          "cpe": "cpe:2.3:a:spf13:pflag:v1.0.5:*:*:*:*:*:*:*",
          "source": "syft-generated"
        }
      ],
      "purl": "pkg:golang/github.com/spf13/pflag@v1.0.5",
      "metadataType": "go-module-buildinfo-entry",
      "metadata": {
        "goCompiledVersion": "go1.22.4",
        "architecture": "arm64",
        "h1Digest": "h1:iy+VFUOCP1a+8yFto/drg2CJ5u0yRoB7fZw3DKv/JXA=",
        "mainModule": "github.com/google/go-containerregistry"
      }
    },
    {
      "id": "3538537f8f22027f",
      "name": "github.com/vbatts/tar-split",
      "version": "v0.11.3",
      "type": "go-module",
      "foundBy": "go-module-binary-cataloger",
      "locations": [
        {
          "path": "usr/bin/crane",
          "accessPath": "usr/bin/crane",
          "annotations": {
            "evidence": "primary"
          }
        }
      ],
      "licenses": [],
      "language": "go",
      "cpes": [
        {
          "cpe": "cpe:2.3:a:vbatts:tar-split:v0.11.3:*:*:*:*:*:*:*",
          "source": "syft-generated"
        },
        {
          "cpe": "cpe:2.3:a:vbatts:tar_split:v0.11.3:*:*:*:*:*:*:*",
          "source": "syft-generated"
        }
      ],
      "purl": "pkg:golang/github.com/vbatts/tar-split@v0.11.3",
      "metadataType": "go-module-buildinfo-entry",
      "metadata": {
        "goCompiledVersion": "go1.22.4",
        "architecture": "arm64",
        "h1Digest": "h1:hLFqsOLQ1SsppQNTMpkpPXClLDfC2A3Zgy9OUU+RVck=",
        "mainModule": "github.com/google/go-containerregistry"
      }
    },
    {
      "id": "ecac9d51c963d1c1",
      "name": "golang.org/x/sync",
      "version": "v0.2.0",
      "type": "go-module",
      "foundBy": "go-module-binary-cataloger",
      "locations": [
        {
          "path": "usr/bin/crane",
          "accessPath": "usr/bin/crane",
          "annotations": {
            "evidence": "primary"
          }
        }
      ],
      "licenses": [],
      "language": "go",
      "cpes": [
        {
          "cpe": "cpe:2.3:a:golang:x\\/sync:v0.2.0:*:*:*:*:*:*:*",
          "source": "syft-generated"
        }
      ],
      "purl": "pkg:golang/golang.org/x/sync@v0.2.0",
      "metadataType": "go-module-buildinfo-entry",
      "metadata": {
        "goCompiledVersion": "go1.22.4",
        "architecture": "arm64",
        "h1Digest": "h1:PUR+T4wwASmuSTYdKjYHI5TD22Wy5ogLU5qZCOLxBrI=",
        "mainModule": "github.com/google/go-containerregistry"
      }
    },
    {
      "id": "0e6f41974359ed40",
      "name": "golang.org/x/sys",
      "version": "v0.15.0",
      "type": "go-module",
      "foundBy": "go-module-binary-cataloger",
      "locations": [
        {
          "path": "usr/bin/crane",
          "accessPath": "usr/bin/crane",
          "annotations": {
            "evidence": "primary"
          }
        }
      ],
      "licenses": [],
      "language": "go",
      "cpes": [
        {
          "cpe": "cpe:2.3:a:golang:x\\/sys:v0.15.0:*:*:*:*:*:*:*",
          "source": "syft-generated"
        }
      ],
      "purl": "pkg:golang/golang.org/x/sys@v0.15.0",
      "metadataType": "go-module-buildinfo-entry",
      "metadata": {
        "goCompiledVersion": "go1.22.4",
        "architecture": "arm64",
        "h1Digest": "h1:h48lPFYpsTvQJZF4EKyI4aLHaev3CxivZmv7yZig9pc=",
        "mainModule": "github.com/google/go-containerregistry"
      }
    },
    {
      "id": "384f119e54193e7a",
      "name": "stdlib",
      "version": "go1.22.4",
      "type": "go-module",
      "foundBy": "go-module-binary-cataloger",
      "locations": [
        {
          "path": "usr/bin/crane",
          "accessPath": "usr/bin/crane",
          "annotations": {
            "evidence": "primary"
          }
        }
      ],
      "licenses": [
        {
          "value": "BSD-3-Clause",
          "spdxExpression": "BSD-3-Clause",
          "type": "declared",
          "urls": [],
          "locations": []
        }
      ],
      "language": "go",
      "cpes": [
        {
          "cpe": "cpe:2.3:a:golang:go:1.22.4:-:*:*:*:*:*:*",
          "source": "syft-generated"
        }
      ],
      "purl": "pkg:golang/stdlib@1.22.4",
      "metadataType": "go-module-buildinfo-entry",
      "metadata": {
        "goCompiledVersion": "go1.22.4",
        "architecture": ""
      }
    }
  ],
  "artifactRelationships": [],
  "source": {
    "id": "(redacted for determinism)",
    "name": "crane",
    "version": "0.19.1-r6",
    "supplier": "chainguard",
    "type": "directory",
    "metadata": {
      "path": "testdata/apks/aarch64/crane-0.19.1-r6.apk"
    }
  },
  "distro": {
    "id": "wolfi"
  },
  "descriptor": {
    "name": "wolfictl",
    "version": ""
  },
  "schema": {
    "version": "",
    "url": ""
  }
}
