{
  "artifacts": [
    {
      "id": "f7b623ef71b323c9",
      "name": "openssl",
      "version": "3.3.0-r8",
      "type": "apk",
      "foundBy": "wolfictl",
      "locations": [
        {
          "path": ".PKGINFO",
          "accessPath": ".PKGINFO"
        }
      ],
      "licenses": [
        {
          "value": "Apache-2.0",
          "spdxExpression": "Apache-2.0",
          "type": "declared",
          "urls": [],
          "locations": []
        }
      ],
      "language": "",
      "cpes": [
        {
          "cpe": "cpe:2.3:a:openssl:openssl:3.3.0-r8:*:*:*:*:*:*:*",
          "source": "syft-generated"
        }
      ],
      "purl": "pkg:apk/wolfi/openssl@3.3.0-r8?arch=aarch64&origin=openssl",
      "metadataType": "apk-db-entry",
      "metadata": {
        "package": "openssl",
        "originPackage": "openssl",
        "maintainer": "",
        "version": "3.3.0-r8",
        "architecture": "aarch64",
        "url": "",
        "description": "the OpenSSL cryptography suite",
        "size": 1243772,
        "installedSize": 0,
        "pullDependencies": [
          "openssl-provider-legacy",
          "so:ld-linux-aarch64.so.1",
          "so:libc.so.6",
          "so:libcrypto.so.3",
          "so:libssl.so.3"
        ],
        "provides": [
          "cmd:openssl=3.3.0-r8"
        ],
        "pullChecksum": "a97512f2d7d83634559ec4e01b86f7b241783e3edbdb690c100e33f9fc0db5f6",
        "gitCommitOfApkPort": "b5c16511479ec5455846d97cd9724fdfab8ee133",
        "files": [
          {
            "path": "."
          },
          {
            "path": ".PKGINFO"
          },
          {
            "path": ".SIGN.RSA.wolfi-signing.rsa.pub"
          },
          {
            "path": "etc"
          },
          {
            "path": "etc/ssl"
          },
          {
            "path": "etc/ssl/certs"
          },
          {
            "path": "etc/ssl/misc"
          },
          {
            "path": "etc/ssl/misc/CA.pl"
          },
          {
            "path": "etc/ssl/misc/tsget.pl"
          },
          {
            "path": "etc/ssl/private"
          },
          {
            "path": "usr"
          },
          {
            "path": "usr/bin"
          },
          {
            "path": "usr/bin/openssl"
          },
          {
            "path": "usr/lib"
          },
          {
            "path": "usr/lib/engines-3"
          },
          {
            "path": "usr/lib/ossl-modules"
          },
          {
            "path": "usr/share"
          },
          {
            "path": "var"
          },
          {
            "path": "var/lib"
          },
          {
            "path": "var/lib/db"
          },
          {
            "path": "var/lib/db/sbom"
          },
          {
            "path": "var/lib/db/sbom/openssl-3.3.0-r8.spdx.json"
          }
        ]
      }
    }
  ],
  "artifactRelationships": [],
  "source": {
    "id": "(redacted for determinism)",
    "name": "openssl",
    "version": "3.3.0-r8",
    "supplier": "chainguard",
    "type": "directory",
    "metadata": {
      "path": "testdata/apks/aarch64/openssl-3.3.0-r8.apk"
    }
  },
  "distro": {
    "id": "wolfi"
  },
  "descriptor": {
    "name": "wolfictl",
    "version": ""
  },
  "schema": {
    "version": "",
    "url": ""
  }
}
