{
  "artifacts": [
    {
      "id": "476fac8dc22764ab",
      "name": "perl-yaml-syck",
      "version": "1.34-r3",
      "type": "apk",
      "foundBy": "wolfictl",
      "locations": [
        {
          "path": ".PKGINFO",
          "accessPath": ".PKGINFO"
        }
      ],
      "licenses": [
        {
          "value": "MIT",
          "spdxExpression": "MIT",
          "type": "declared",
          "urls": [],
          "locations": []
        }
      ],
      "language": "",
      "cpes": [
        {
          "cpe": "cpe:2.3:a:perl-yaml-syck:perl-yaml-syck:1.34-r3:*:*:*:*:*:*:*",
          "source": "syft-generated"
        },
        {
          "cpe": "cpe:2.3:a:perl-yaml-syck:perl_yaml_syck:1.34-r3:*:*:*:*:*:*:*",
          "source": "syft-generated"
        },
        {
          "cpe": "cpe:2.3:a:perl_yaml_syck:perl-yaml-syck:1.34-r3:*:*:*:*:*:*:*",
          "source": "syft-generated"
        },
        {
          "cpe": "cpe:2.3:a:perl_yaml_syck:perl_yaml_syck:1.34-r3:*:*:*:*:*:*:*",
          "source": "syft-generated"
        },
        {
          "cpe": "cpe:2.3:a:perl-yaml:perl-yaml-syck:1.34-r3:*:*:*:*:*:*:*",
          "source": "syft-generated"
        },
        {
          "cpe": "cpe:2.3:a:perl-yaml:perl_yaml_syck:1.34-r3:*:*:*:*:*:*:*",
          "source": "syft-generated"
        },
        {
          "cpe": "cpe:2.3:a:perl_yaml:perl-yaml-syck:1.34-r3:*:*:*:*:*:*:*",
          "source": "syft-generated"
        },
        {
          "cpe": "cpe:2.3:a:perl_yaml:perl_yaml_syck:1.34-r3:*:*:*:*:*:*:*",
          "source": "syft-generated"
        },
        {
          "cpe": "cpe:2.3:a:perl:perl-yaml-syck:1.34-r3:*:*:*:*:*:*:*",
          "source": "syft-generated"
        },
        {
          "cpe": "cpe:2.3:a:perl:perl_yaml_syck:1.34-r3:*:*:*:*:*:*:*",
          "source": "syft-generated"
        }
      ],
      "purl": "pkg:apk/wolfi/perl-yaml-syck@1.34-r3?arch=aarch64&origin=perl-yaml-syck",
      "metadataType": "apk-db-entry",
      "metadata": {
        "package": "perl-yaml-syck",
        "originPackage": "perl-yaml-syck",
        "maintainer": "",
        "version": "1.34-r3",
        "architecture": "aarch64",
        "url": "",
        "description": "Fast, lightweight YAML loader and dumper",
        "size": 231381,
        "installedSize": 0,
        "pullDependencies": [
          "so:ld-linux-aarch64.so.1",
          "so:libc.so.6"
        ],
        "provides": null,
        "pullChecksum": "7ab66bd7a6b875b917863f991c9905895a3e09654fb9639a4852f0fa95433e3c",
        "gitCommitOfApkPort": "b440ee918342ed10e1e7203bb034d578eafef0f1",
        "files": [
          {
            "path": "."
          },
          {
            "path": ".PKGINFO"
          },
          {
            "path": ".SIGN.RSA.wolfi-signing.rsa.pub"
          },
          {
            "path": "usr"
          },
          {
            "path": "usr/lib"
          },
          {
            "path": "usr/lib/perl5"
          },
          {
            "path": "usr/lib/perl5/core_perl"
          },
          {
            "path": "usr/lib/perl5/vendor_perl"
          },
          {
            "path": "usr/lib/perl5/vendor_perl/JSON"
          },
          {
            "path": "usr/lib/perl5/vendor_perl/JSON/Syck.pm"
          },
          {
            "path": "usr/lib/perl5/vendor_perl/YAML"
          },
          {
            "path": "usr/lib/perl5/vendor_perl/YAML/Dumper"
          },
          {
            "path": "usr/lib/perl5/vendor_perl/YAML/Dumper/Syck.pm"
          },
          {
            "path": "usr/lib/perl5/vendor_perl/YAML/Loader"
          },
          {
            "path": "usr/lib/perl5/vendor_perl/YAML/Loader/Syck.pm"
          },
          {
            "path": "usr/lib/perl5/vendor_perl/YAML/Syck.pm"
          },
          {
            "path": "usr/lib/perl5/vendor_perl/auto"
          },
          {
            "path": "usr/lib/perl5/vendor_perl/auto/YAML"
          },
          {
            "path": "usr/lib/perl5/vendor_perl/auto/YAML/Syck"
          },
          {
            "path": "usr/lib/perl5/vendor_perl/auto/YAML/Syck/Syck.so"
          },
          {
            "path": "usr/share"
          },
          {
            "path": "var"
          },
          {
            "path": "var/lib"
          },
          {
            "path": "var/lib/db"
          },
          {
            "path": "var/lib/db/sbom"
          },
          {
            "path": "var/lib/db/sbom/perl-yaml-syck-1.34-r3.spdx.json"
          }
        ]
      }
    }
  ],
  "artifactRelationships": [],
  "source": {
    "id": "(redacted for determinism)",
    "name": "perl-yaml-syck",
    "version": "1.34-r3",
    "supplier": "chainguard",
    "type": "directory",
    "metadata": {
      "path": "testdata/apks/aarch64/perl-yaml-syck-1.34-r3.apk"
    }
  },
  "distro": {
    "id": "wolfi"
  },
  "descriptor": {
    "name": "wolfictl",
    "version": ""
  },
  "schema": {
    "version": "",
    "url": ""
  }
}
