{
  "artifacts": [
    {
      "id": "7d36d385b2aa03ae",
      "name": "php-odbc",
      "version": "8.2.11-r1",
      "type": "apk",
      "foundBy": "wolfictl",
      "locations": [
        {
          "path": ".PKGINFO",
          "accessPath": ".PKGINFO"
        }
      ],
      "licenses": [
        {
          "value": "PHP-3.01",
          "spdxExpression": "PHP-3.01",
          "type": "declared",
          "urls": [],
          "locations": []
        }
      ],
      "language": "",
      "cpes": [
        {
          "cpe": "cpe:2.3:a:php-odbc:php-odbc:8.2.11-r1:*:*:*:*:*:*:*",
          "source": "syft-generated"
        },
        {
          "cpe": "cpe:2.3:a:php-odbc:php_odbc:8.2.11-r1:*:*:*:*:*:*:*",
          "source": "syft-generated"
        },
        {
          "cpe": "cpe:2.3:a:php_odbc:php-odbc:8.2.11-r1:*:*:*:*:*:*:*",
          "source": "syft-generated"
        },
        {
          "cpe": "cpe:2.3:a:php_odbc:php_odbc:8.2.11-r1:*:*:*:*:*:*:*",
          "source": "syft-generated"
        },
        {
          "cpe": "cpe:2.3:a:php:php-odbc:8.2.11-r1:*:*:*:*:*:*:*",
          "source": "syft-generated"
        },
        {
          "cpe": "cpe:2.3:a:php:php_odbc:8.2.11-r1:*:*:*:*:*:*:*",
          "source": "syft-generated"
        }
      ],
      "purl": "pkg:apk/wolfi/php-odbc@8.2.11-r1?arch=aarch64&origin=php-8.2",
      "metadataType": "apk-db-entry",
      "metadata": {
        "package": "php-odbc",
        "originPackage": "php-8.2",
        "maintainer": "",
        "version": "8.2.11-r1",
        "architecture": "aarch64",
        "url": "",
        "description": "The UnixODBC extension",
        "size": 197885,
        "installedSize": 0,
        "pullDependencies": [
          "so:ld-linux-aarch64.so.1",
          "so:libc.so.6",
          "so:libodbc.so.2"
        ],
        "provides": [
          "php-8.2-odbc=8.2.11-r1",
          "so:odbc.so=0"
        ],
        "pullChecksum": "dcdbd12cbaf5dc9aaeae9715803d2eda99e4f92a801a7ab197c0516fea2b8d32",
        "gitCommitOfApkPort": "",
        "files": [
          {
            "path": "."
          },
          {
            "path": ".PKGINFO"
          },
          {
            "path": ".SIGN.RSA.wolfi-signing.rsa.pub"
          },
          {
            "path": "etc"
          },
          {
            "path": "etc/php"
          },
          {
            "path": "etc/php/conf.d"
          },
          {
            "path": "etc/php/conf.d/odbc.ini"
          },
          {
            "path": "usr"
          },
          {
            "path": "usr/lib"
          },
          {
            "path": "usr/lib/php"
          },
          {
            "path": "usr/lib/php/modules"
          },
          {
            "path": "usr/lib/php/modules/odbc.so"
          },
          {
            "path": "var"
          },
          {
            "path": "var/lib"
          },
          {
            "path": "var/lib/db"
          },
          {
            "path": "var/lib/db/sbom"
          },
          {
            "path": "var/lib/db/sbom/php-odbc-8.2.11-r1.spdx.json"
          }
        ]
      }
    }
  ],
  "artifactRelationships": [],
  "source": {
    "id": "(redacted for determinism)",
    "name": "php-odbc",
    "version": "8.2.11-r1",
    "supplier": "chainguard",
    "type": "directory",
    "metadata": {
      "path": "testdata/apks/aarch64/php-odbc-8.2.11-r1.apk"
    }
  },
  "distro": {
    "id": "wolfi"
  },
  "descriptor": {
    "name": "wolfictl",
    "version": ""
  },
  "schema": {
    "version": "",
    "url": ""
  }
}
