{
  "TargetAPK": {
    "Name": "crane",
    "Version": "0.14.0-r0",
    "OriginPackageName": "crane",
    "Arch": "x86_64"
  },
  "Findings": [
    {
      "Package": {
        "ID": "32b3acd5c71f06ca",
        "Name": "github.com/docker/distribution",
        "Version": "v2.8.1+incompatible",
        "Type": "go-module",
        "Location": "/usr/bin/crane",
        "PURL": "pkg:golang/github.com/docker/distribution@v2.8.1%2Bincompatible"
      },
      "Vulnerability": {
        "ID": "GHSA-hqxw-f8mx-cpmw",
        "Severity": "High",
        "Aliases": [
          "CVE-2023-2253"
        ],
        "FixedVersion": "2.8.2-beta.1"
      }
    },
    {
      "Package": {
        "ID": "b1f837467f3053c1",
        "Name": "github.com/docker/docker",
        "Version": "v23.0.1+incompatible",
        "Type": "go-module",
        "Location": "/usr/bin/crane",
        "PURL": "pkg:golang/github.com/docker/docker@v23.0.1%2Bincompatible"
      },
      "Vulnerability": {
        "ID": "CVE-2024-36621",
        "Severity": "Medium",
        "Aliases": null,
        "FixedVersion": "26.0.0-rc2, 25.0.5, 23.0.11"
      }
    },
    {
      "Package": {
        "ID": "b1f837467f3053c1",
        "Name": "github.com/docker/docker",
        "Version": "v23.0.1+incompatible",
        "Type": "go-module",
        "Location": "/usr/bin/crane",
        "PURL": "pkg:golang/github.com/docker/docker@v23.0.1%2Bincompatible"
      },
      "Vulnerability": {
        "ID": "CVE-2024-36623",
        "Severity": "High",
        "Aliases": null,
        "FixedVersion": "26.0.0-rc1, 25.0.4"
      }
    },
    {
      "Package": {
        "ID": "b1f837467f3053c1",
        "Name": "github.com/docker/docker",
        "Version": "v23.0.1+incompatible",
        "Type": "go-module",
        "Location": "/usr/bin/crane",
        "PURL": "pkg:golang/github.com/docker/docker@v23.0.1%2Bincompatible"
      },
      "Vulnerability": {
        "ID": "GHSA-232p-vwff-86mp",
        "Severity": "High",
        "Aliases": [
          "CVE-2023-28840"
        ],
        "FixedVersion": "23.0.3"
      }
    },
    {
      "Package": {
        "ID": "b1f837467f3053c1",
        "Name": "github.com/docker/docker",
        "Version": "v23.0.1+incompatible",
        "Type": "go-module",
        "Location": "/usr/bin/crane",
        "PURL": "pkg:golang/github.com/docker/docker@v23.0.1%2Bincompatible"
      },
      "Vulnerability": {
        "ID": "GHSA-33pg-m6jh-5237",
        "Severity": "Medium",
        "Aliases": [
          "CVE-2023-28841"
        ],
        "FixedVersion": "23.0.3"
      }
    },
    {
      "Package": {
        "ID": "b1f837467f3053c1",
        "Name": "github.com/docker/docker",
        "Version": "v23.0.1+incompatible",
        "Type": "go-module",
        "Location": "/usr/bin/crane",
        "PURL": "pkg:golang/github.com/docker/docker@v23.0.1%2Bincompatible"
      },
      "Vulnerability": {
        "ID": "GHSA-6wrf-mxfj-pf5p",
        "Severity": "Medium",
        "Aliases": [
          "CVE-2023-28842"
        ],
        "FixedVersion": "23.0.3"
      }
    },
    {
      "Package": {
        "ID": "b1f837467f3053c1",
        "Name": "github.com/docker/docker",
        "Version": "v23.0.1+incompatible",
        "Type": "go-module",
        "Location": "/usr/bin/crane",
        "PURL": "pkg:golang/github.com/docker/docker@v23.0.1%2Bincompatible"
      },
      "Vulnerability": {
        "ID": "GHSA-jq35-85cj-fj4p",
        "Severity": "Medium",
        "Aliases": null,
        "FixedVersion": "23.0.8"
      }
    },
    {
      "Package": {
        "ID": "b1f837467f3053c1",
        "Name": "github.com/docker/docker",
        "Version": "v23.0.1+incompatible",
        "Type": "go-module",
        "Location": "/usr/bin/crane",
        "PURL": "pkg:golang/github.com/docker/docker@v23.0.1%2Bincompatible"
      },
      "Vulnerability": {
        "ID": "GHSA-mq39-4gv4-mvpx",
        "Severity": "Medium",
        "Aliases": [
          "CVE-2024-29018"
        ],
        "FixedVersion": "23.0.11"
      }
    },
    {
      "Package": {
        "ID": "b1f837467f3053c1",
        "Name": "github.com/docker/docker",
        "Version": "v23.0.1+incompatible",
        "Type": "go-module",
        "Location": "/usr/bin/crane",
        "PURL": "pkg:golang/github.com/docker/docker@v23.0.1%2Bincompatible"
      },
      "Vulnerability": {
        "ID": "GHSA-v23v-6jw2-98fq",
        "Severity": "Critical",
        "Aliases": [
          "CVE-2024-41110"
        ],
        "FixedVersion": "23.0.15"
      }
    },
    {
      "Package": {
        "ID": "b1f837467f3053c1",
        "Name": "github.com/docker/docker",
        "Version": "v23.0.1+incompatible",
        "Type": "go-module",
        "Location": "/usr/bin/crane",
        "PURL": "pkg:golang/github.com/docker/docker@v23.0.1%2Bincompatible"
      },
      "Vulnerability": {
        "ID": "GHSA-xw73-rw38-6vjc",
        "Severity": "Medium",
        "Aliases": [
          "CVE-2024-24557"
        ],
        "FixedVersion": "24.0.9"
      }
    },
    {
      "Package": {
        "ID": "57e92f1396f78859",
        "Name": "stdlib",
        "Version": "go1.20.2",
        "Type": "go-module",
        "Location": "/usr/bin/crane",
        "PURL": "pkg:golang/stdlib@1.20.2"
      },
      "Vulnerability": {
        "ID": "CVE-2023-24531",
        "Severity": "Critical",
        "Aliases": null,
        "FixedVersion": "1.21.0-0"
      }
    },
    {
      "Package": {
        "ID": "57e92f1396f78859",
        "Name": "stdlib",
        "Version": "go1.20.2",
        "Type": "go-module",
        "Location": "/usr/bin/crane",
        "PURL": "pkg:golang/stdlib@1.20.2"
      },
      "Vulnerability": {
        "ID": "CVE-2023-24534",
        "Severity": "High",
        "Aliases": null,
        "FixedVersion": "1.19.8, 1.20.3"
      }
    },
    {
      "Package": {
        "ID": "57e92f1396f78859",
        "Name": "stdlib",
        "Version": "go1.20.2",
        "Type": "go-module",
        "Location": "/usr/bin/crane",
        "PURL": "pkg:golang/stdlib@1.20.2"
      },
      "Vulnerability": {
        "ID": "CVE-2023-24536",
        "Severity": "High",
        "Aliases": null,
        "FixedVersion": "1.19.8, 1.20.3"
      }
    },
    {
      "Package": {
        "ID": "57e92f1396f78859",
        "Name": "stdlib",
        "Version": "go1.20.2",
        "Type": "go-module",
        "Location": "/usr/bin/crane",
        "PURL": "pkg:golang/stdlib@1.20.2"
      },
      "Vulnerability": {
        "ID": "CVE-2023-24537",
        "Severity": "High",
        "Aliases": null,
        "FixedVersion": "1.19.8, 1.20.3"
      }
    },
    {
      "Package": {
        "ID": "57e92f1396f78859",
        "Name": "stdlib",
        "Version": "go1.20.2",
        "Type": "go-module",
        "Location": "/usr/bin/crane",
        "PURL": "pkg:golang/stdlib@1.20.2"
      },
      "Vulnerability": {
        "ID": "CVE-2023-24538",
        "Severity": "Critical",
        "Aliases": null,
        "FixedVersion": "1.19.8, 1.20.3"
      }
    },
    {
      "Package": {
        "ID": "57e92f1396f78859",
        "Name": "stdlib",
        "Version": "go1.20.2",
        "Type": "go-module",
        "Location": "/usr/bin/crane",
        "PURL": "pkg:golang/stdlib@1.20.2"
      },
      "Vulnerability": {
        "ID": "CVE-2023-24539",
        "Severity": "High",
        "Aliases": null,
        "FixedVersion": "1.19.9, 1.20.4"
      }
    },
    {
      "Package": {
        "ID": "57e92f1396f78859",
        "Name": "stdlib",
        "Version": "go1.20.2",
        "Type": "go-module",
        "Location": "/usr/bin/crane",
        "PURL": "pkg:golang/stdlib@1.20.2"
      },
      "Vulnerability": {
        "ID": "CVE-2023-24540",
        "Severity": "Critical",
        "Aliases": null,
        "FixedVersion": "1.19.9, 1.20.4"
      }
    },
    {
      "Package": {
        "ID": "57e92f1396f78859",
        "Name": "stdlib",
        "Version": "go1.20.2",
        "Type": "go-module",
        "Location": "/usr/bin/crane",
        "PURL": "pkg:golang/stdlib@1.20.2"
      },
      "Vulnerability": {
        "ID": "CVE-2023-29400",
        "Severity": "High",
        "Aliases": null,
        "FixedVersion": "1.19.9, 1.20.4"
      }
    },
    {
      "Package": {
        "ID": "57e92f1396f78859",
        "Name": "stdlib",
        "Version": "go1.20.2",
        "Type": "go-module",
        "Location": "/usr/bin/crane",
        "PURL": "pkg:golang/stdlib@1.20.2"
      },
      "Vulnerability": {
        "ID": "CVE-2023-29402",
        "Severity": "Critical",
        "Aliases": null,
        "FixedVersion": "1.19.10, 1.20.5"
      }
    },
    {
      "Package": {
        "ID": "57e92f1396f78859",
        "Name": "stdlib",
        "Version": "go1.20.2",
        "Type": "go-module",
        "Location": "/usr/bin/crane",
        "PURL": "pkg:golang/stdlib@1.20.2"
      },
      "Vulnerability": {
        "ID": "CVE-2023-29403",
        "Severity": "High",
        "Aliases": null,
        "FixedVersion": "1.19.10, 1.20.5"
      }
    },
    {
      "Package": {
        "ID": "57e92f1396f78859",
        "Name": "stdlib",
        "Version": "go1.20.2",
        "Type": "go-module",
        "Location": "/usr/bin/crane",
        "PURL": "pkg:golang/stdlib@1.20.2"
      },
      "Vulnerability": {
        "ID": "CVE-2023-29404",
        "Severity": "Critical",
        "Aliases": null,
        "FixedVersion": "1.19.10, 1.20.5"
      }
    },
    {
      "Package": {
        "ID": "57e92f1396f78859",
        "Name": "stdlib",
        "Version": "go1.20.2",
        "Type": "go-module",
        "Location": "/usr/bin/crane",
        "PURL": "pkg:golang/stdlib@1.20.2"
      },
      "Vulnerability": {
        "ID": "CVE-2023-29405",
        "Severity": "Critical",
        "Aliases": null,
        "FixedVersion": "1.19.10, 1.20.5"
      }
    },
    {
      "Package": {
        "ID": "57e92f1396f78859",
        "Name": "stdlib",
        "Version": "go1.20.2",
        "Type": "go-module",
        "Location": "/usr/bin/crane",
        "PURL": "pkg:golang/stdlib@1.20.2"
      },
      "Vulnerability": {
        "ID": "CVE-2023-29406",
        "Severity": "Medium",
        "Aliases": null,
        "FixedVersion": "1.19.11, 1.20.6"
      }
    },
    {
      "Package": {
        "ID": "57e92f1396f78859",
        "Name": "stdlib",
        "Version": "go1.20.2",
        "Type": "go-module",
        "Location": "/usr/bin/crane",
        "PURL": "pkg:golang/stdlib@1.20.2"
      },
      "Vulnerability": {
        "ID": "CVE-2023-29409",
        "Severity": "Medium",
        "Aliases": null,
        "FixedVersion": "1.19.12, 1.20.7"
      }
    },
    {
      "Package": {
        "ID": "57e92f1396f78859",
        "Name": "stdlib",
        "Version": "go1.20.2",
        "Type": "go-module",
        "Location": "/usr/bin/crane",
        "PURL": "pkg:golang/stdlib@1.20.2"
      },
      "Vulnerability": {
        "ID": "CVE-2023-39318",
        "Severity": "Medium",
        "Aliases": null,
        "FixedVersion": "1.20.8, 1.21.1"
      }
    },
    {
      "Package": {
        "ID": "57e92f1396f78859",
        "Name": "stdlib",
        "Version": "go1.20.2",
        "Type": "go-module",
        "Location": "/usr/bin/crane",
        "PURL": "pkg:golang/stdlib@1.20.2"
      },
      "Vulnerability": {
        "ID": "CVE-2023-39319",
        "Severity": "Medium",
        "Aliases": null,
        "FixedVersion": "1.20.8, 1.21.1"
      }
    },
    {
      "Package": {
        "ID": "57e92f1396f78859",
        "Name": "stdlib",
        "Version": "go1.20.2",
        "Type": "go-module",
        "Location": "/usr/bin/crane",
        "PURL": "pkg:golang/stdlib@1.20.2"
      },
      "Vulnerability": {
        "ID": "CVE-2023-39323",
        "Severity": "High",
        "Aliases": null,
        "FixedVersion": "1.20.9, 1.21.2"
      }
    },
    {
      "Package": {
        "ID": "57e92f1396f78859",
        "Name": "stdlib",
        "Version": "go1.20.2",
        "Type": "go-module",
        "Location": "/usr/bin/crane",
        "PURL": "pkg:golang/stdlib@1.20.2"
      },
      "Vulnerability": {
        "ID": "CVE-2023-39325",
        "Severity": "High",
        "Aliases": null,
        "FixedVersion": "1.20.10, 1.21.3"
      }
    },
    {
      "Package": {
        "ID": "57e92f1396f78859",
        "Name": "stdlib",
        "Version": "go1.20.2",
        "Type": "go-module",
        "Location": "/usr/bin/crane",
        "PURL": "pkg:golang/stdlib@1.20.2"
      },
      "Vulnerability": {
        "ID": "CVE-2023-39326",
        "Severity": "Medium",
        "Aliases": null,
        "FixedVersion": "1.20.12, 1.21.5"
      }
    },
    {
      "Package": {
        "ID": "57e92f1396f78859",
        "Name": "stdlib",
        "Version": "go1.20.2",
        "Type": "go-module",
        "Location": "/usr/bin/crane",
        "PURL": "pkg:golang/stdlib@1.20.2"
      },
      "Vulnerability": {
        "ID": "CVE-2023-44487",
        "Severity": "High",
        "Aliases": null,
        "FixedVersion": "1.20.10, 1.21.3"
      }
    },
    {
      "Package": {
        "ID": "57e92f1396f78859",
        "Name": "stdlib",
        "Version": "go1.20.2",
        "Type": "go-module",
        "Location": "/usr/bin/crane",
        "PURL": "pkg:golang/stdlib@1.20.2"
      },
      "Vulnerability": {
        "ID": "CVE-2023-45283",
        "Severity": "High",
        "Aliases": null,
        "FixedVersion": "1.20.11, 1.21.4"
      }
    },
    {
      "Package": {
        "ID": "57e92f1396f78859",
        "Name": "stdlib",
        "Version": "go1.20.2",
        "Type": "go-module",
        "Location": "/usr/bin/crane",
        "PURL": "pkg:golang/stdlib@1.20.2"
      },
      "Vulnerability": {
        "ID": "CVE-2023-45284",
        "Severity": "Medium",
        "Aliases": null,
        "FixedVersion": "1.20.11, 1.21.4"
      }
    },
    {
      "Package": {
        "ID": "57e92f1396f78859",
        "Name": "stdlib",
        "Version": "go1.20.2",
        "Type": "go-module",
        "Location": "/usr/bin/crane",
        "PURL": "pkg:golang/stdlib@1.20.2"
      },
      "Vulnerability": {
        "ID": "CVE-2023-45285",
        "Severity": "High",
        "Aliases": null,
        "FixedVersion": "1.20.12, 1.21.5"
      }
    },
    {
      "Package": {
        "ID": "57e92f1396f78859",
        "Name": "stdlib",
        "Version": "go1.20.2",
        "Type": "go-module",
        "Location": "/usr/bin/crane",
        "PURL": "pkg:golang/stdlib@1.20.2"
      },
      "Vulnerability": {
        "ID": "CVE-2023-45288",
        "Severity": "High",
        "Aliases": null,
        "FixedVersion": "1.21.9, 1.22.2"
      }
    },
    {
      "Package": {
        "ID": "57e92f1396f78859",
        "Name": "stdlib",
        "Version": "go1.20.2",
        "Type": "go-module",
        "Location": "/usr/bin/crane",
        "PURL": "pkg:golang/stdlib@1.20.2"
      },
      "Vulnerability": {
        "ID": "CVE-2023-45289",
        "Severity": "Medium",
        "Aliases": null,
        "FixedVersion": "1.21.8, 1.22.1, 1.21.8, 1.22.1"
      }
    },
    {
      "Package": {
        "ID": "57e92f1396f78859",
        "Name": "stdlib",
        "Version": "go1.20.2",
        "Type": "go-module",
        "Location": "/usr/bin/crane",
        "PURL": "pkg:golang/stdlib@1.20.2"
      },
      "Vulnerability": {
        "ID": "CVE-2023-45290",
        "Severity": "Medium",
        "Aliases": null,
        "FixedVersion": "1.21.8, 1.22.1"
      }
    },
    {
      "Package": {
        "ID": "57e92f1396f78859",
        "Name": "stdlib",
        "Version": "go1.20.2",
        "Type": "go-module",
        "Location": "/usr/bin/crane",
        "PURL": "pkg:golang/stdlib@1.20.2"
      },
      "Vulnerability": {
        "ID": "CVE-2024-24783",
        "Severity": "Medium",
        "Aliases": null,
        "FixedVersion": "1.21.8, 1.22.1"
      }
    },
    {
      "Package": {
        "ID": "57e92f1396f78859",
        "Name": "stdlib",
        "Version": "go1.20.2",
        "Type": "go-module",
        "Location": "/usr/bin/crane",
        "PURL": "pkg:golang/stdlib@1.20.2"
      },
      "Vulnerability": {
        "ID": "CVE-2024-24784",
        "Severity": "High",
        "Aliases": null,
        "FixedVersion": "1.21.8, 1.22.1"
      }
    },
    {
      "Package": {
        "ID": "57e92f1396f78859",
        "Name": "stdlib",
        "Version": "go1.20.2",
        "Type": "go-module",
        "Location": "/usr/bin/crane",
        "PURL": "pkg:golang/stdlib@1.20.2"
      },
      "Vulnerability": {
        "ID": "CVE-2024-24785",
        "Severity": "Unknown",
        "Aliases": null,
        "FixedVersion": "1.21.8, 1.22.1"
      }
    },
    {
      "Package": {
        "ID": "57e92f1396f78859",
        "Name": "stdlib",
        "Version": "go1.20.2",
        "Type": "go-module",
        "Location": "/usr/bin/crane",
        "PURL": "pkg:golang/stdlib@1.20.2"
      },
      "Vulnerability": {
        "ID": "CVE-2024-24787",
        "Severity": "Medium",
        "Aliases": null,
        "FixedVersion": "1.21.10, 1.22.3"
      }
    },
    {
      "Package": {
        "ID": "57e92f1396f78859",
        "Name": "stdlib",
        "Version": "go1.20.2",
        "Type": "go-module",
        "Location": "/usr/bin/crane",
        "PURL": "pkg:golang/stdlib@1.20.2"
      },
      "Vulnerability": {
        "ID": "CVE-2024-24789",
        "Severity": "Medium",
        "Aliases": null,
        "FixedVersion": "1.21.11, 1.22.4"
      }
    },
    {
      "Package": {
        "ID": "57e92f1396f78859",
        "Name": "stdlib",
        "Version": "go1.20.2",
        "Type": "go-module",
        "Location": "/usr/bin/crane",
        "PURL": "pkg:golang/stdlib@1.20.2"
      },
      "Vulnerability": {
        "ID": "CVE-2024-24790",
        "Severity": "Critical",
        "Aliases": null,
        "FixedVersion": "1.21.11, 1.22.4"
      }
    },
    {
      "Package": {
        "ID": "57e92f1396f78859",
        "Name": "stdlib",
        "Version": "go1.20.2",
        "Type": "go-module",
        "Location": "/usr/bin/crane",
        "PURL": "pkg:golang/stdlib@1.20.2"
      },
      "Vulnerability": {
        "ID": "CVE-2024-24791",
        "Severity": "High",
        "Aliases": null,
        "FixedVersion": "1.21.12, 1.22.5"
      }
    },
    {
      "Package": {
        "ID": "57e92f1396f78859",
        "Name": "stdlib",
        "Version": "go1.20.2",
        "Type": "go-module",
        "Location": "/usr/bin/crane",
        "PURL": "pkg:golang/stdlib@1.20.2"
      },
      "Vulnerability": {
        "ID": "CVE-2024-34155",
        "Severity": "Medium",
        "Aliases": null,
        "FixedVersion": "1.22.7, 1.23.1"
      }
    },
    {
      "Package": {
        "ID": "57e92f1396f78859",
        "Name": "stdlib",
        "Version": "go1.20.2",
        "Type": "go-module",
        "Location": "/usr/bin/crane",
        "PURL": "pkg:golang/stdlib@1.20.2"
      },
      "Vulnerability": {
        "ID": "CVE-2024-34156",
        "Severity": "High",
        "Aliases": null,
        "FixedVersion": "1.22.7, 1.23.1"
      }
    },
    {
      "Package": {
        "ID": "57e92f1396f78859",
        "Name": "stdlib",
        "Version": "go1.20.2",
        "Type": "go-module",
        "Location": "/usr/bin/crane",
        "PURL": "pkg:golang/stdlib@1.20.2"
      },
      "Vulnerability": {
        "ID": "CVE-2024-34158",
        "Severity": "High",
        "Aliases": null,
        "FixedVersion": "1.22.7, 1.23.1"
      }
    },
    {
      "Package": {
        "ID": "57e92f1396f78859",
        "Name": "stdlib",
        "Version": "go1.20.2",
        "Type": "go-module",
        "Location": "/usr/bin/crane",
        "PURL": "pkg:golang/stdlib@1.20.2"
      },
      "Vulnerability": {
        "ID": "CVE-2024-45336",
        "Severity": "Medium",
        "Aliases": null,
        "FixedVersion": "1.22.11, 1.23.5, 1.24.0-rc.2"
      }
    },
    {
      "Package": {
        "ID": "57e92f1396f78859",
        "Name": "stdlib",
        "Version": "go1.20.2",
        "Type": "go-module",
        "Location": "/usr/bin/crane",
        "PURL": "pkg:golang/stdlib@1.20.2"
      },
      "Vulnerability": {
        "ID": "CVE-2024-45341",
        "Severity": "Medium",
        "Aliases": null,
        "FixedVersion": "1.22.11, 1.23.5, 1.24.0-rc.2"
      }
    },
    {
      "Package": {
        "ID": "57e92f1396f78859",
        "Name": "stdlib",
        "Version": "go1.20.2",
        "Type": "go-module",
        "Location": "/usr/bin/crane",
        "PURL": "pkg:golang/stdlib@1.20.2"
      },
      "Vulnerability": {
        "ID": "CVE-2025-22866",
        "Severity": "Medium",
        "Aliases": null,
        "FixedVersion": "1.22.12, 1.23.6, 1.24.0-rc.3"
      }
    }
  ],
  "DataSource": {
    "Kind": "grype-db",
    "Schema": "v6.0.2",
    "Integrity": "imported_db_archive_checksum=sha256:cb212d2776d099cb8635d5d238fcb3894ea81c0285b27911585c7556fbcb412f",
    "Date": "2025-03-06T04:06:38Z"
  }
}
