{
  "TargetAPK": {
    "Name": "openssl",
    "Version": "3.3.0-r8",
    "OriginPackageName": "openssl",
    "Arch": "x86_64"
  },
  "Findings": [
    {
      "Package": {
        "ID": "dbdd01d873ca92a8",
        "Name": "openssl",
        "Version": "3.3.0-r8",
        "Type": "apk",
        "Location": "/.PKGINFO",
        "PURL": "pkg:apk/wolfi/openssl@3.3.0-r8?arch=x86_64\u0026origin=openssl"
      },
      "Vulnerability": {
        "ID": "CVE-2024-12797",
        "Severity": "Medium",
        "Aliases": null,
        "FixedVersion": "3.4.1, 3.3.3, 3.2.4"
      }
    },
    {
      "Package": {
        "ID": "dbdd01d873ca92a8",
        "Name": "openssl",
        "Version": "3.3.0-r8",
        "Type": "apk",
        "Location": "/.PKGINFO",
        "PURL": "pkg:apk/wolfi/openssl@3.3.0-r8?arch=x86_64\u0026origin=openssl"
      },
      "Vulnerability": {
        "ID": "CVE-2024-13176",
        "Severity": "Medium",
        "Aliases": null,
        "FixedVersion": "3.4.1, 3.3.3, 3.2.4, 3.1.8, 3.0.16, 1.1.1zb, 1.0.2zl"
      }
    },
    {
      "Package": {
        "ID": "dbdd01d873ca92a8",
        "Name": "openssl",
        "Version": "3.3.0-r8",
        "Type": "apk",
        "Location": "/.PKGINFO",
        "PURL": "pkg:apk/wolfi/openssl@3.3.0-r8?arch=x86_64\u0026origin=openssl"
      },
      "Vulnerability": {
        "ID": "CVE-2024-4603",
        "Severity": "Medium",
        "Aliases": null,
        "FixedVersion": "3.0.14, 3.1.6, 3.2.2, 3.3.1"
      }
    },
    {
      "Package": {
        "ID": "dbdd01d873ca92a8",
        "Name": "openssl",
        "Version": "3.3.0-r8",
        "Type": "apk",
        "Location": "/.PKGINFO",
        "PURL": "pkg:apk/wolfi/openssl@3.3.0-r8?arch=x86_64\u0026origin=openssl"
      },
      "Vulnerability": {
        "ID": "CVE-2024-4741",
        "Severity": "High",
        "Aliases": null,
        "FixedVersion": "3.3.1, 3.2.2, 3.1.6, 3.0.14, 1.1.1y"
      }
    },
    {
      "Package": {
        "ID": "dbdd01d873ca92a8",
        "Name": "openssl",
        "Version": "3.3.0-r8",
        "Type": "apk",
        "Location": "/.PKGINFO",
        "PURL": "pkg:apk/wolfi/openssl@3.3.0-r8?arch=x86_64\u0026origin=openssl"
      },
      "Vulnerability": {
        "ID": "CVE-2024-5535",
        "Severity": "Critical",
        "Aliases": null,
        "FixedVersion": "3.3.2, 3.2.3, 3.1.7, 3.0.15, 1.1.1za, 1.0.2zk"
      }
    },
    {
      "Package": {
        "ID": "dbdd01d873ca92a8",
        "Name": "openssl",
        "Version": "3.3.0-r8",
        "Type": "apk",
        "Location": "/.PKGINFO",
        "PURL": "pkg:apk/wolfi/openssl@3.3.0-r8?arch=x86_64\u0026origin=openssl"
      },
      "Vulnerability": {
        "ID": "CVE-2024-6119",
        "Severity": "High",
        "Aliases": null,
        "FixedVersion": "3.3.2, 3.2.3, 3.1.7, 3.0.15"
      }
    },
    {
      "Package": {
        "ID": "dbdd01d873ca92a8",
        "Name": "openssl",
        "Version": "3.3.0-r8",
        "Type": "apk",
        "Location": "/.PKGINFO",
        "PURL": "pkg:apk/wolfi/openssl@3.3.0-r8?arch=x86_64\u0026origin=openssl"
      },
      "Vulnerability": {
        "ID": "CVE-2024-9143",
        "Severity": "Medium",
        "Aliases": null,
        "FixedVersion": "3.3.3, 3.2.4, 3.1.8, 3.0.16, 1.1.1zb, 1.0.2zl"
      }
    }
  ],
  "DataSource": {
    "Kind": "grype-db",
    "Schema": "v6.0.2",
    "Integrity": "imported_db_archive_checksum=sha256:cb212d2776d099cb8635d5d238fcb3894ea81c0285b27911585c7556fbcb412f",
    "Date": "2025-03-06T04:06:38Z"
  }
}
