{
  "TargetAPK": {
    "Name": "terraform",
    "Version": "1.3.9-r0",
    "OriginPackageName": "terraform",
    "Arch": "x86_64"
  },
  "Findings": [
    {
      "Package": {
        "ID": "9b855c673286e43d",
        "Name": "github.com/golang-jwt/jwt/v4",
        "Version": "v4.2.0",
        "Type": "go-module",
        "Location": "/usr/bin/terraform",
        "PURL": "pkg:golang/github.com/golang-jwt/jwt@v4.2.0#v4"
      },
      "Vulnerability": {
        "ID": "GHSA-29wx-vh33-7x7r",
        "Severity": "Low",
        "Aliases": [
          "CVE-2024-51744"
        ],
        "FixedVersion": "4.5.1"
      }
    },
    {
      "Package": {
        "ID": "ed3a65a940c73184",
        "Name": "github.com/hashicorp/go-getter",
        "Version": "v1.6.2",
        "Type": "go-module",
        "Location": "/usr/bin/terraform",
        "PURL": "pkg:golang/github.com/hashicorp/go-getter@v1.6.2"
      },
      "Vulnerability": {
        "ID": "GHSA-jpxj-2jvg-6jv9",
        "Severity": "Medium",
        "Aliases": [
          "CVE-2023-0475"
        ],
        "FixedVersion": "1.7.0"
      }
    },
    {
      "Package": {
        "ID": "ed3a65a940c73184",
        "Name": "github.com/hashicorp/go-getter",
        "Version": "v1.6.2",
        "Type": "go-module",
        "Location": "/usr/bin/terraform",
        "PURL": "pkg:golang/github.com/hashicorp/go-getter@v1.6.2"
      },
      "Vulnerability": {
        "ID": "GHSA-q64h-39hv-4cf7",
        "Severity": "Critical",
        "Aliases": [
          "CVE-2024-3817"
        ],
        "FixedVersion": "1.7.4"
      }
    },
    {
      "Package": {
        "ID": "ed3a65a940c73184",
        "Name": "github.com/hashicorp/go-getter",
        "Version": "v1.6.2",
        "Type": "go-module",
        "Location": "/usr/bin/terraform",
        "PURL": "pkg:golang/github.com/hashicorp/go-getter@v1.6.2"
      },
      "Vulnerability": {
        "ID": "GHSA-xfhp-jf8p-mh5w",
        "Severity": "High",
        "Aliases": [
          "CVE-2024-6257"
        ],
        "FixedVersion": "1.7.5"
      }
    },
    {
      "Package": {
        "ID": "2d3292a6549e8a25",
        "Name": "github.com/hashicorp/go-retryablehttp",
        "Version": "v0.7.1",
        "Type": "go-module",
        "Location": "/usr/bin/terraform",
        "PURL": "pkg:golang/github.com/hashicorp/go-retryablehttp@v0.7.1"
      },
      "Vulnerability": {
        "ID": "GHSA-v6v8-xj6m-xwqh",
        "Severity": "Medium",
        "Aliases": [
          "CVE-2024-6104"
        ],
        "FixedVersion": "0.7.7"
      }
    },
    {
      "Package": {
        "ID": "692c8f36563df880",
        "Name": "github.com/hashicorp/go-slug",
        "Version": "v0.10.0",
        "Type": "go-module",
        "Location": "/usr/bin/terraform",
        "PURL": "pkg:golang/github.com/hashicorp/go-slug@v0.10.0"
      },
      "Vulnerability": {
        "ID": "GHSA-wpfp-cm49-9m9q",
        "Severity": "High",
        "Aliases": [
          "CVE-2025-0377"
        ],
        "FixedVersion": "0.16.3"
      }
    },
    {
      "Package": {
        "ID": "21c9e7c519ef80f6",
        "Name": "golang.org/x/crypto",
        "Version": "v0.5.0",
        "Type": "go-module",
        "Location": "/usr/bin/terraform",
        "PURL": "pkg:golang/golang.org/x/crypto@v0.5.0"
      },
      "Vulnerability": {
        "ID": "CVE-2025-22869",
        "Severity": "High",
        "Aliases": null,
        "FixedVersion": "0.35.0"
      }
    },
    {
      "Package": {
        "ID": "21c9e7c519ef80f6",
        "Name": "golang.org/x/crypto",
        "Version": "v0.5.0",
        "Type": "go-module",
        "Location": "/usr/bin/terraform",
        "PURL": "pkg:golang/golang.org/x/crypto@v0.5.0"
      },
      "Vulnerability": {
        "ID": "GHSA-45x7-px36-x8w8",
        "Severity": "Medium",
        "Aliases": [
          "CVE-2023-48795"
        ],
        "FixedVersion": "0.17.0"
      }
    },
    {
      "Package": {
        "ID": "21c9e7c519ef80f6",
        "Name": "golang.org/x/crypto",
        "Version": "v0.5.0",
        "Type": "go-module",
        "Location": "/usr/bin/terraform",
        "PURL": "pkg:golang/golang.org/x/crypto@v0.5.0"
      },
      "Vulnerability": {
        "ID": "GHSA-v778-237x-gjrc",
        "Severity": "Critical",
        "Aliases": [
          "CVE-2024-45337"
        ],
        "FixedVersion": "0.31.0"
      }
    },
    {
      "Package": {
        "ID": "7358cc66ee4eb94f",
        "Name": "golang.org/x/net",
        "Version": "v0.5.0",
        "Type": "go-module",
        "Location": "/usr/bin/terraform",
        "PURL": "pkg:golang/golang.org/x/net@v0.5.0"
      },
      "Vulnerability": {
        "ID": "GHSA-2wrh-6pvc-2jm9",
        "Severity": "Medium",
        "Aliases": [
          "CVE-2023-3978"
        ],
        "FixedVersion": "0.13.0"
      }
    },
    {
      "Package": {
        "ID": "7358cc66ee4eb94f",
        "Name": "golang.org/x/net",
        "Version": "v0.5.0",
        "Type": "go-module",
        "Location": "/usr/bin/terraform",
        "PURL": "pkg:golang/golang.org/x/net@v0.5.0"
      },
      "Vulnerability": {
        "ID": "GHSA-4374-p667-p6c8",
        "Severity": "High",
        "Aliases": [
          "CVE-2023-39325"
        ],
        "FixedVersion": "0.17.0"
      }
    },
    {
      "Package": {
        "ID": "7358cc66ee4eb94f",
        "Name": "golang.org/x/net",
        "Version": "v0.5.0",
        "Type": "go-module",
        "Location": "/usr/bin/terraform",
        "PURL": "pkg:golang/golang.org/x/net@v0.5.0"
      },
      "Vulnerability": {
        "ID": "GHSA-4v7x-pqxf-cx7m",
        "Severity": "Medium",
        "Aliases": [
          "CVE-2023-45288"
        ],
        "FixedVersion": "0.23.0"
      }
    },
    {
      "Package": {
        "ID": "7358cc66ee4eb94f",
        "Name": "golang.org/x/net",
        "Version": "v0.5.0",
        "Type": "go-module",
        "Location": "/usr/bin/terraform",
        "PURL": "pkg:golang/golang.org/x/net@v0.5.0"
      },
      "Vulnerability": {
        "ID": "GHSA-qppj-fm5r-hxr3",
        "Severity": "Medium",
        "Aliases": [
          "CVE-2023-44487"
        ],
        "FixedVersion": "0.17.0"
      }
    },
    {
      "Package": {
        "ID": "7358cc66ee4eb94f",
        "Name": "golang.org/x/net",
        "Version": "v0.5.0",
        "Type": "go-module",
        "Location": "/usr/bin/terraform",
        "PURL": "pkg:golang/golang.org/x/net@v0.5.0"
      },
      "Vulnerability": {
        "ID": "GHSA-vvpx-j8f3-3w6h",
        "Severity": "High",
        "Aliases": [
          "CVE-2022-41723"
        ],
        "FixedVersion": "0.7.0"
      }
    },
    {
      "Package": {
        "ID": "7358cc66ee4eb94f",
        "Name": "golang.org/x/net",
        "Version": "v0.5.0",
        "Type": "go-module",
        "Location": "/usr/bin/terraform",
        "PURL": "pkg:golang/golang.org/x/net@v0.5.0"
      },
      "Vulnerability": {
        "ID": "GHSA-w32m-9786-jp63",
        "Severity": "High",
        "Aliases": [
          "CVE-2024-45338"
        ],
        "FixedVersion": "0.33.0"
      }
    },
    {
      "Package": {
        "ID": "04e50b17c22c9d6e",
        "Name": "golang.org/x/oauth2",
        "Version": "v0.0.0-20210819190943-2bc19b11175f",
        "Type": "go-module",
        "Location": "/usr/bin/terraform",
        "PURL": "pkg:golang/golang.org/x/oauth2@v0.0.0-20210819190943-2bc19b11175f"
      },
      "Vulnerability": {
        "ID": "CVE-2025-22868",
        "Severity": "High",
        "Aliases": null,
        "FixedVersion": "0.27.0"
      }
    },
    {
      "Package": {
        "ID": "cff9b04f8022a510",
        "Name": "google.golang.org/grpc",
        "Version": "v1.47.0",
        "Type": "go-module",
        "Location": "/usr/bin/terraform",
        "PURL": "pkg:golang/google.golang.org/grpc@v1.47.0"
      },
      "Vulnerability": {
        "ID": "GHSA-m425-mq94-257g",
        "Severity": "High",
        "Aliases": null,
        "FixedVersion": "1.56.3"
      }
    },
    {
      "Package": {
        "ID": "cff9b04f8022a510",
        "Name": "google.golang.org/grpc",
        "Version": "v1.47.0",
        "Type": "go-module",
        "Location": "/usr/bin/terraform",
        "PURL": "pkg:golang/google.golang.org/grpc@v1.47.0"
      },
      "Vulnerability": {
        "ID": "GHSA-qppj-fm5r-hxr3",
        "Severity": "Medium",
        "Aliases": [
          "CVE-2023-44487"
        ],
        "FixedVersion": "1.56.3"
      }
    },
    {
      "Package": {
        "ID": "43cc20844f878051",
        "Name": "google.golang.org/protobuf",
        "Version": "v1.27.1",
        "Type": "go-module",
        "Location": "/usr/bin/terraform",
        "PURL": "pkg:golang/google.golang.org/protobuf@v1.27.1"
      },
      "Vulnerability": {
        "ID": "GHSA-8r3f-844c-mc37",
        "Severity": "Medium",
        "Aliases": [
          "CVE-2024-24786"
        ],
        "FixedVersion": "1.33.0"
      }
    },
    {
      "Package": {
        "ID": "fe00586043ed8c0c",
        "Name": "stdlib",
        "Version": "go1.20.1",
        "Type": "go-module",
        "Location": "/usr/bin/terraform",
        "PURL": "pkg:golang/stdlib@1.20.1"
      },
      "Vulnerability": {
        "ID": "CVE-2023-24531",
        "Severity": "Critical",
        "Aliases": null,
        "FixedVersion": "1.21.0-0"
      }
    },
    {
      "Package": {
        "ID": "fe00586043ed8c0c",
        "Name": "stdlib",
        "Version": "go1.20.1",
        "Type": "go-module",
        "Location": "/usr/bin/terraform",
        "PURL": "pkg:golang/stdlib@1.20.1"
      },
      "Vulnerability": {
        "ID": "CVE-2023-24532",
        "Severity": "Medium",
        "Aliases": null,
        "FixedVersion": "1.19.7, 1.20.2"
      }
    },
    {
      "Package": {
        "ID": "fe00586043ed8c0c",
        "Name": "stdlib",
        "Version": "go1.20.1",
        "Type": "go-module",
        "Location": "/usr/bin/terraform",
        "PURL": "pkg:golang/stdlib@1.20.1"
      },
      "Vulnerability": {
        "ID": "CVE-2023-24534",
        "Severity": "High",
        "Aliases": null,
        "FixedVersion": "1.19.8, 1.20.3"
      }
    },
    {
      "Package": {
        "ID": "fe00586043ed8c0c",
        "Name": "stdlib",
        "Version": "go1.20.1",
        "Type": "go-module",
        "Location": "/usr/bin/terraform",
        "PURL": "pkg:golang/stdlib@1.20.1"
      },
      "Vulnerability": {
        "ID": "CVE-2023-24536",
        "Severity": "High",
        "Aliases": null,
        "FixedVersion": "1.19.8, 1.20.3"
      }
    },
    {
      "Package": {
        "ID": "fe00586043ed8c0c",
        "Name": "stdlib",
        "Version": "go1.20.1",
        "Type": "go-module",
        "Location": "/usr/bin/terraform",
        "PURL": "pkg:golang/stdlib@1.20.1"
      },
      "Vulnerability": {
        "ID": "CVE-2023-24537",
        "Severity": "High",
        "Aliases": null,
        "FixedVersion": "1.19.8, 1.20.3"
      }
    },
    {
      "Package": {
        "ID": "fe00586043ed8c0c",
        "Name": "stdlib",
        "Version": "go1.20.1",
        "Type": "go-module",
        "Location": "/usr/bin/terraform",
        "PURL": "pkg:golang/stdlib@1.20.1"
      },
      "Vulnerability": {
        "ID": "CVE-2023-24538",
        "Severity": "Critical",
        "Aliases": null,
        "FixedVersion": "1.19.8, 1.20.3"
      }
    },
    {
      "Package": {
        "ID": "fe00586043ed8c0c",
        "Name": "stdlib",
        "Version": "go1.20.1",
        "Type": "go-module",
        "Location": "/usr/bin/terraform",
        "PURL": "pkg:golang/stdlib@1.20.1"
      },
      "Vulnerability": {
        "ID": "CVE-2023-24539",
        "Severity": "High",
        "Aliases": null,
        "FixedVersion": "1.19.9, 1.20.4"
      }
    },
    {
      "Package": {
        "ID": "fe00586043ed8c0c",
        "Name": "stdlib",
        "Version": "go1.20.1",
        "Type": "go-module",
        "Location": "/usr/bin/terraform",
        "PURL": "pkg:golang/stdlib@1.20.1"
      },
      "Vulnerability": {
        "ID": "CVE-2023-24540",
        "Severity": "Critical",
        "Aliases": null,
        "FixedVersion": "1.19.9, 1.20.4"
      }
    },
    {
      "Package": {
        "ID": "fe00586043ed8c0c",
        "Name": "stdlib",
        "Version": "go1.20.1",
        "Type": "go-module",
        "Location": "/usr/bin/terraform",
        "PURL": "pkg:golang/stdlib@1.20.1"
      },
      "Vulnerability": {
        "ID": "CVE-2023-29400",
        "Severity": "High",
        "Aliases": null,
        "FixedVersion": "1.19.9, 1.20.4"
      }
    },
    {
      "Package": {
        "ID": "fe00586043ed8c0c",
        "Name": "stdlib",
        "Version": "go1.20.1",
        "Type": "go-module",
        "Location": "/usr/bin/terraform",
        "PURL": "pkg:golang/stdlib@1.20.1"
      },
      "Vulnerability": {
        "ID": "CVE-2023-29402",
        "Severity": "Critical",
        "Aliases": null,
        "FixedVersion": "1.19.10, 1.20.5"
      }
    },
    {
      "Package": {
        "ID": "fe00586043ed8c0c",
        "Name": "stdlib",
        "Version": "go1.20.1",
        "Type": "go-module",
        "Location": "/usr/bin/terraform",
        "PURL": "pkg:golang/stdlib@1.20.1"
      },
      "Vulnerability": {
        "ID": "CVE-2023-29403",
        "Severity": "High",
        "Aliases": null,
        "FixedVersion": "1.19.10, 1.20.5"
      }
    },
    {
      "Package": {
        "ID": "fe00586043ed8c0c",
        "Name": "stdlib",
        "Version": "go1.20.1",
        "Type": "go-module",
        "Location": "/usr/bin/terraform",
        "PURL": "pkg:golang/stdlib@1.20.1"
      },
      "Vulnerability": {
        "ID": "CVE-2023-29404",
        "Severity": "Critical",
        "Aliases": null,
        "FixedVersion": "1.19.10, 1.20.5"
      }
    },
    {
      "Package": {
        "ID": "fe00586043ed8c0c",
        "Name": "stdlib",
        "Version": "go1.20.1",
        "Type": "go-module",
        "Location": "/usr/bin/terraform",
        "PURL": "pkg:golang/stdlib@1.20.1"
      },
      "Vulnerability": {
        "ID": "CVE-2023-29405",
        "Severity": "Critical",
        "Aliases": null,
        "FixedVersion": "1.19.10, 1.20.5"
      }
    },
    {
      "Package": {
        "ID": "fe00586043ed8c0c",
        "Name": "stdlib",
        "Version": "go1.20.1",
        "Type": "go-module",
        "Location": "/usr/bin/terraform",
        "PURL": "pkg:golang/stdlib@1.20.1"
      },
      "Vulnerability": {
        "ID": "CVE-2023-29406",
        "Severity": "Medium",
        "Aliases": null,
        "FixedVersion": "1.19.11, 1.20.6"
      }
    },
    {
      "Package": {
        "ID": "fe00586043ed8c0c",
        "Name": "stdlib",
        "Version": "go1.20.1",
        "Type": "go-module",
        "Location": "/usr/bin/terraform",
        "PURL": "pkg:golang/stdlib@1.20.1"
      },
      "Vulnerability": {
        "ID": "CVE-2023-29409",
        "Severity": "Medium",
        "Aliases": null,
        "FixedVersion": "1.19.12, 1.20.7"
      }
    },
    {
      "Package": {
        "ID": "fe00586043ed8c0c",
        "Name": "stdlib",
        "Version": "go1.20.1",
        "Type": "go-module",
        "Location": "/usr/bin/terraform",
        "PURL": "pkg:golang/stdlib@1.20.1"
      },
      "Vulnerability": {
        "ID": "CVE-2023-39318",
        "Severity": "Medium",
        "Aliases": null,
        "FixedVersion": "1.20.8, 1.21.1"
      }
    },
    {
      "Package": {
        "ID": "fe00586043ed8c0c",
        "Name": "stdlib",
        "Version": "go1.20.1",
        "Type": "go-module",
        "Location": "/usr/bin/terraform",
        "PURL": "pkg:golang/stdlib@1.20.1"
      },
      "Vulnerability": {
        "ID": "CVE-2023-39319",
        "Severity": "Medium",
        "Aliases": null,
        "FixedVersion": "1.20.8, 1.21.1"
      }
    },
    {
      "Package": {
        "ID": "fe00586043ed8c0c",
        "Name": "stdlib",
        "Version": "go1.20.1",
        "Type": "go-module",
        "Location": "/usr/bin/terraform",
        "PURL": "pkg:golang/stdlib@1.20.1"
      },
      "Vulnerability": {
        "ID": "CVE-2023-39323",
        "Severity": "High",
        "Aliases": null,
        "FixedVersion": "1.20.9, 1.21.2"
      }
    },
    {
      "Package": {
        "ID": "fe00586043ed8c0c",
        "Name": "stdlib",
        "Version": "go1.20.1",
        "Type": "go-module",
        "Location": "/usr/bin/terraform",
        "PURL": "pkg:golang/stdlib@1.20.1"
      },
      "Vulnerability": {
        "ID": "CVE-2023-39325",
        "Severity": "High",
        "Aliases": null,
        "FixedVersion": "1.20.10, 1.21.3"
      }
    },
    {
      "Package": {
        "ID": "fe00586043ed8c0c",
        "Name": "stdlib",
        "Version": "go1.20.1",
        "Type": "go-module",
        "Location": "/usr/bin/terraform",
        "PURL": "pkg:golang/stdlib@1.20.1"
      },
      "Vulnerability": {
        "ID": "CVE-2023-39326",
        "Severity": "Medium",
        "Aliases": null,
        "FixedVersion": "1.20.12, 1.21.5"
      }
    },
    {
      "Package": {
        "ID": "fe00586043ed8c0c",
        "Name": "stdlib",
        "Version": "go1.20.1",
        "Type": "go-module",
        "Location": "/usr/bin/terraform",
        "PURL": "pkg:golang/stdlib@1.20.1"
      },
      "Vulnerability": {
        "ID": "CVE-2023-44487",
        "Severity": "High",
        "Aliases": null,
        "FixedVersion": "1.20.10, 1.21.3"
      }
    },
    {
      "Package": {
        "ID": "fe00586043ed8c0c",
        "Name": "stdlib",
        "Version": "go1.20.1",
        "Type": "go-module",
        "Location": "/usr/bin/terraform",
        "PURL": "pkg:golang/stdlib@1.20.1"
      },
      "Vulnerability": {
        "ID": "CVE-2023-45283",
        "Severity": "High",
        "Aliases": null,
        "FixedVersion": "1.20.11, 1.21.4"
      }
    },
    {
      "Package": {
        "ID": "fe00586043ed8c0c",
        "Name": "stdlib",
        "Version": "go1.20.1",
        "Type": "go-module",
        "Location": "/usr/bin/terraform",
        "PURL": "pkg:golang/stdlib@1.20.1"
      },
      "Vulnerability": {
        "ID": "CVE-2023-45284",
        "Severity": "Medium",
        "Aliases": null,
        "FixedVersion": "1.20.11, 1.21.4"
      }
    },
    {
      "Package": {
        "ID": "fe00586043ed8c0c",
        "Name": "stdlib",
        "Version": "go1.20.1",
        "Type": "go-module",
        "Location": "/usr/bin/terraform",
        "PURL": "pkg:golang/stdlib@1.20.1"
      },
      "Vulnerability": {
        "ID": "CVE-2023-45285",
        "Severity": "High",
        "Aliases": null,
        "FixedVersion": "1.20.12, 1.21.5"
      }
    },
    {
      "Package": {
        "ID": "fe00586043ed8c0c",
        "Name": "stdlib",
        "Version": "go1.20.1",
        "Type": "go-module",
        "Location": "/usr/bin/terraform",
        "PURL": "pkg:golang/stdlib@1.20.1"
      },
      "Vulnerability": {
        "ID": "CVE-2023-45288",
        "Severity": "High",
        "Aliases": null,
        "FixedVersion": "1.21.9, 1.22.2"
      }
    },
    {
      "Package": {
        "ID": "fe00586043ed8c0c",
        "Name": "stdlib",
        "Version": "go1.20.1",
        "Type": "go-module",
        "Location": "/usr/bin/terraform",
        "PURL": "pkg:golang/stdlib@1.20.1"
      },
      "Vulnerability": {
        "ID": "CVE-2023-45289",
        "Severity": "Medium",
        "Aliases": null,
        "FixedVersion": "1.21.8, 1.22.1, 1.21.8, 1.22.1"
      }
    },
    {
      "Package": {
        "ID": "fe00586043ed8c0c",
        "Name": "stdlib",
        "Version": "go1.20.1",
        "Type": "go-module",
        "Location": "/usr/bin/terraform",
        "PURL": "pkg:golang/stdlib@1.20.1"
      },
      "Vulnerability": {
        "ID": "CVE-2023-45290",
        "Severity": "Medium",
        "Aliases": null,
        "FixedVersion": "1.21.8, 1.22.1"
      }
    },
    {
      "Package": {
        "ID": "fe00586043ed8c0c",
        "Name": "stdlib",
        "Version": "go1.20.1",
        "Type": "go-module",
        "Location": "/usr/bin/terraform",
        "PURL": "pkg:golang/stdlib@1.20.1"
      },
      "Vulnerability": {
        "ID": "CVE-2024-24783",
        "Severity": "Medium",
        "Aliases": null,
        "FixedVersion": "1.21.8, 1.22.1"
      }
    },
    {
      "Package": {
        "ID": "fe00586043ed8c0c",
        "Name": "stdlib",
        "Version": "go1.20.1",
        "Type": "go-module",
        "Location": "/usr/bin/terraform",
        "PURL": "pkg:golang/stdlib@1.20.1"
      },
      "Vulnerability": {
        "ID": "CVE-2024-24784",
        "Severity": "High",
        "Aliases": null,
        "FixedVersion": "1.21.8, 1.22.1"
      }
    },
    {
      "Package": {
        "ID": "fe00586043ed8c0c",
        "Name": "stdlib",
        "Version": "go1.20.1",
        "Type": "go-module",
        "Location": "/usr/bin/terraform",
        "PURL": "pkg:golang/stdlib@1.20.1"
      },
      "Vulnerability": {
        "ID": "CVE-2024-24785",
        "Severity": "Unknown",
        "Aliases": null,
        "FixedVersion": "1.21.8, 1.22.1"
      }
    },
    {
      "Package": {
        "ID": "fe00586043ed8c0c",
        "Name": "stdlib",
        "Version": "go1.20.1",
        "Type": "go-module",
        "Location": "/usr/bin/terraform",
        "PURL": "pkg:golang/stdlib@1.20.1"
      },
      "Vulnerability": {
        "ID": "CVE-2024-24787",
        "Severity": "Medium",
        "Aliases": null,
        "FixedVersion": "1.21.10, 1.22.3"
      }
    },
    {
      "Package": {
        "ID": "fe00586043ed8c0c",
        "Name": "stdlib",
        "Version": "go1.20.1",
        "Type": "go-module",
        "Location": "/usr/bin/terraform",
        "PURL": "pkg:golang/stdlib@1.20.1"
      },
      "Vulnerability": {
        "ID": "CVE-2024-24789",
        "Severity": "Medium",
        "Aliases": null,
        "FixedVersion": "1.21.11, 1.22.4"
      }
    },
    {
      "Package": {
        "ID": "fe00586043ed8c0c",
        "Name": "stdlib",
        "Version": "go1.20.1",
        "Type": "go-module",
        "Location": "/usr/bin/terraform",
        "PURL": "pkg:golang/stdlib@1.20.1"
      },
      "Vulnerability": {
        "ID": "CVE-2024-24790",
        "Severity": "Critical",
        "Aliases": null,
        "FixedVersion": "1.21.11, 1.22.4"
      }
    },
    {
      "Package": {
        "ID": "fe00586043ed8c0c",
        "Name": "stdlib",
        "Version": "go1.20.1",
        "Type": "go-module",
        "Location": "/usr/bin/terraform",
        "PURL": "pkg:golang/stdlib@1.20.1"
      },
      "Vulnerability": {
        "ID": "CVE-2024-24791",
        "Severity": "High",
        "Aliases": null,
        "FixedVersion": "1.21.12, 1.22.5"
      }
    },
    {
      "Package": {
        "ID": "fe00586043ed8c0c",
        "Name": "stdlib",
        "Version": "go1.20.1",
        "Type": "go-module",
        "Location": "/usr/bin/terraform",
        "PURL": "pkg:golang/stdlib@1.20.1"
      },
      "Vulnerability": {
        "ID": "CVE-2024-34155",
        "Severity": "Medium",
        "Aliases": null,
        "FixedVersion": "1.22.7, 1.23.1"
      }
    },
    {
      "Package": {
        "ID": "fe00586043ed8c0c",
        "Name": "stdlib",
        "Version": "go1.20.1",
        "Type": "go-module",
        "Location": "/usr/bin/terraform",
        "PURL": "pkg:golang/stdlib@1.20.1"
      },
      "Vulnerability": {
        "ID": "CVE-2024-34156",
        "Severity": "High",
        "Aliases": null,
        "FixedVersion": "1.22.7, 1.23.1"
      }
    },
    {
      "Package": {
        "ID": "fe00586043ed8c0c",
        "Name": "stdlib",
        "Version": "go1.20.1",
        "Type": "go-module",
        "Location": "/usr/bin/terraform",
        "PURL": "pkg:golang/stdlib@1.20.1"
      },
      "Vulnerability": {
        "ID": "CVE-2024-34158",
        "Severity": "High",
        "Aliases": null,
        "FixedVersion": "1.22.7, 1.23.1"
      }
    },
    {
      "Package": {
        "ID": "fe00586043ed8c0c",
        "Name": "stdlib",
        "Version": "go1.20.1",
        "Type": "go-module",
        "Location": "/usr/bin/terraform",
        "PURL": "pkg:golang/stdlib@1.20.1"
      },
      "Vulnerability": {
        "ID": "CVE-2024-45336",
        "Severity": "Medium",
        "Aliases": null,
        "FixedVersion": "1.22.11, 1.23.5, 1.24.0-rc.2"
      }
    },
    {
      "Package": {
        "ID": "fe00586043ed8c0c",
        "Name": "stdlib",
        "Version": "go1.20.1",
        "Type": "go-module",
        "Location": "/usr/bin/terraform",
        "PURL": "pkg:golang/stdlib@1.20.1"
      },
      "Vulnerability": {
        "ID": "CVE-2024-45341",
        "Severity": "Medium",
        "Aliases": null,
        "FixedVersion": "1.22.11, 1.23.5, 1.24.0-rc.2"
      }
    },
    {
      "Package": {
        "ID": "fe00586043ed8c0c",
        "Name": "stdlib",
        "Version": "go1.20.1",
        "Type": "go-module",
        "Location": "/usr/bin/terraform",
        "PURL": "pkg:golang/stdlib@1.20.1"
      },
      "Vulnerability": {
        "ID": "CVE-2025-22866",
        "Severity": "Medium",
        "Aliases": null,
        "FixedVersion": "1.22.12, 1.23.6, 1.24.0-rc.3"
      }
    }
  ],
  "DataSource": {
    "Kind": "grype-db",
    "Schema": "v6.0.2",
    "Integrity": "imported_db_archive_checksum=sha256:cb212d2776d099cb8635d5d238fcb3894ea81c0285b27911585c7556fbcb412f",
    "Date": "2025-03-06T04:06:38Z"
  }
}
