{
  "TargetAPK": {
    "Name": "terraform",
    "Version": "1.5.7-r12",
    "OriginPackageName": "terraform",
    "Arch": "x86_64"
  },
  "Findings": [
    {
      "Package": {
        "ID": "d8ba928314d10dcf",
        "Name": "github.com/golang-jwt/jwt/v4",
        "Version": "v4.2.0",
        "Type": "go-module",
        "Location": "/usr/bin/terraform",
        "PURL": "pkg:golang/github.com/golang-jwt/jwt@v4.2.0#v4"
      },
      "Vulnerability": {
        "ID": "GHSA-29wx-vh33-7x7r",
        "Severity": "Low",
        "Aliases": [
          "CVE-2024-51744"
        ],
        "FixedVersion": "4.5.1"
      }
    },
    {
      "Package": {
        "ID": "cabd61102c60e194",
        "Name": "github.com/hashicorp/go-getter",
        "Version": "v1.7.4",
        "Type": "go-module",
        "Location": "/usr/bin/terraform",
        "PURL": "pkg:golang/github.com/hashicorp/go-getter@v1.7.4"
      },
      "Vulnerability": {
        "ID": "GHSA-xfhp-jf8p-mh5w",
        "Severity": "High",
        "Aliases": [
          "CVE-2024-6257"
        ],
        "FixedVersion": "1.7.5"
      }
    },
    {
      "Package": {
        "ID": "45aa4945c27ee716",
        "Name": "github.com/hashicorp/go-retryablehttp",
        "Version": "v0.7.2",
        "Type": "go-module",
        "Location": "/usr/bin/terraform",
        "PURL": "pkg:golang/github.com/hashicorp/go-retryablehttp@v0.7.2"
      },
      "Vulnerability": {
        "ID": "GHSA-v6v8-xj6m-xwqh",
        "Severity": "Medium",
        "Aliases": [
          "CVE-2024-6104"
        ],
        "FixedVersion": "0.7.7"
      }
    },
    {
      "Package": {
        "ID": "5aed4950171a8b21",
        "Name": "github.com/hashicorp/go-slug",
        "Version": "v0.11.1",
        "Type": "go-module",
        "Location": "/usr/bin/terraform",
        "PURL": "pkg:golang/github.com/hashicorp/go-slug@v0.11.1"
      },
      "Vulnerability": {
        "ID": "GHSA-wpfp-cm49-9m9q",
        "Severity": "High",
        "Aliases": [
          "CVE-2025-0377"
        ],
        "FixedVersion": "0.16.3"
      }
    },
    {
      "Package": {
        "ID": "d20cff6e304c963f",
        "Name": "golang.org/x/crypto",
        "Version": "v0.21.0",
        "Type": "go-module",
        "Location": "/usr/bin/terraform",
        "PURL": "pkg:golang/golang.org/x/crypto@v0.21.0"
      },
      "Vulnerability": {
        "ID": "CVE-2025-22869",
        "Severity": "High",
        "Aliases": null,
        "FixedVersion": "0.35.0"
      }
    },
    {
      "Package": {
        "ID": "d20cff6e304c963f",
        "Name": "golang.org/x/crypto",
        "Version": "v0.21.0",
        "Type": "go-module",
        "Location": "/usr/bin/terraform",
        "PURL": "pkg:golang/golang.org/x/crypto@v0.21.0"
      },
      "Vulnerability": {
        "ID": "GHSA-v778-237x-gjrc",
        "Severity": "Critical",
        "Aliases": [
          "CVE-2024-45337"
        ],
        "FixedVersion": "0.31.0"
      }
    },
    {
      "Package": {
        "ID": "18fe952e727fef44",
        "Name": "golang.org/x/net",
        "Version": "v0.23.0",
        "Type": "go-module",
        "Location": "/usr/bin/terraform",
        "PURL": "pkg:golang/golang.org/x/net@v0.23.0"
      },
      "Vulnerability": {
        "ID": "GHSA-w32m-9786-jp63",
        "Severity": "High",
        "Aliases": [
          "CVE-2024-45338"
        ],
        "FixedVersion": "0.33.0"
      }
    },
    {
      "Package": {
        "ID": "7818d71605746aa8",
        "Name": "golang.org/x/oauth2",
        "Version": "v0.7.0",
        "Type": "go-module",
        "Location": "/usr/bin/terraform",
        "PURL": "pkg:golang/golang.org/x/oauth2@v0.7.0"
      },
      "Vulnerability": {
        "ID": "CVE-2025-22868",
        "Severity": "High",
        "Aliases": null,
        "FixedVersion": "0.27.0"
      }
    },
    {
      "Package": {
        "ID": "a5963ac4aad96084",
        "Name": "stdlib",
        "Version": "go1.22.4",
        "Type": "go-module",
        "Location": "/usr/bin/terraform",
        "PURL": "pkg:golang/stdlib@1.22.4"
      },
      "Vulnerability": {
        "ID": "CVE-2024-24791",
        "Severity": "High",
        "Aliases": null,
        "FixedVersion": "1.21.12, 1.22.5"
      }
    },
    {
      "Package": {
        "ID": "a5963ac4aad96084",
        "Name": "stdlib",
        "Version": "go1.22.4",
        "Type": "go-module",
        "Location": "/usr/bin/terraform",
        "PURL": "pkg:golang/stdlib@1.22.4"
      },
      "Vulnerability": {
        "ID": "CVE-2024-34155",
        "Severity": "Medium",
        "Aliases": null,
        "FixedVersion": "1.22.7, 1.23.1"
      }
    },
    {
      "Package": {
        "ID": "a5963ac4aad96084",
        "Name": "stdlib",
        "Version": "go1.22.4",
        "Type": "go-module",
        "Location": "/usr/bin/terraform",
        "PURL": "pkg:golang/stdlib@1.22.4"
      },
      "Vulnerability": {
        "ID": "CVE-2024-34156",
        "Severity": "High",
        "Aliases": null,
        "FixedVersion": "1.22.7, 1.23.1"
      }
    },
    {
      "Package": {
        "ID": "a5963ac4aad96084",
        "Name": "stdlib",
        "Version": "go1.22.4",
        "Type": "go-module",
        "Location": "/usr/bin/terraform",
        "PURL": "pkg:golang/stdlib@1.22.4"
      },
      "Vulnerability": {
        "ID": "CVE-2024-34158",
        "Severity": "High",
        "Aliases": null,
        "FixedVersion": "1.22.7, 1.23.1"
      }
    },
    {
      "Package": {
        "ID": "a5963ac4aad96084",
        "Name": "stdlib",
        "Version": "go1.22.4",
        "Type": "go-module",
        "Location": "/usr/bin/terraform",
        "PURL": "pkg:golang/stdlib@1.22.4"
      },
      "Vulnerability": {
        "ID": "CVE-2024-45336",
        "Severity": "Medium",
        "Aliases": null,
        "FixedVersion": "1.22.11, 1.23.5, 1.24.0-rc.2"
      }
    },
    {
      "Package": {
        "ID": "a5963ac4aad96084",
        "Name": "stdlib",
        "Version": "go1.22.4",
        "Type": "go-module",
        "Location": "/usr/bin/terraform",
        "PURL": "pkg:golang/stdlib@1.22.4"
      },
      "Vulnerability": {
        "ID": "CVE-2024-45341",
        "Severity": "Medium",
        "Aliases": null,
        "FixedVersion": "1.22.11, 1.23.5, 1.24.0-rc.2"
      }
    },
    {
      "Package": {
        "ID": "a5963ac4aad96084",
        "Name": "stdlib",
        "Version": "go1.22.4",
        "Type": "go-module",
        "Location": "/usr/bin/terraform",
        "PURL": "pkg:golang/stdlib@1.22.4"
      },
      "Vulnerability": {
        "ID": "CVE-2025-22866",
        "Severity": "Medium",
        "Aliases": null,
        "FixedVersion": "1.22.12, 1.23.6, 1.24.0-rc.3"
      }
    }
  ],
  "DataSource": {
    "Kind": "grype-db",
    "Schema": "v6.0.2",
    "Integrity": "imported_db_archive_checksum=sha256:cb212d2776d099cb8635d5d238fcb3894ea81c0285b27911585c7556fbcb412f",
    "Date": "2025-03-06T04:06:38Z"
  }
}
